Archive member included to satisfy reference by file (symbol)

c:/program files (x86)/atmel/studio/7.0/toolchain/arm/arm-gnu-toolchain/bin/../lib/gcc/arm-none-eabi/6.3.1/thumb/v6-m\libgcc.a(_thumb1_case_sqi.o)
                              usb/device/usbdc.o (__gnu_thumb1_case_sqi)
c:/program files (x86)/atmel/studio/7.0/toolchain/arm/arm-gnu-toolchain/bin/../lib/gcc/arm-none-eabi/6.3.1/thumb/v6-m\libgcc.a(_thumb1_case_uqi.o)
                              hal/src/hal_usb_device.o (__gnu_thumb1_case_uqi)
c:/program files (x86)/atmel/studio/7.0/toolchain/arm/arm-gnu-toolchain/bin/../lib/gcc/arm-none-eabi/6.3.1/thumb/v6-m\libgcc.a(_thumb1_case_shi.o)
                              usb/device/usbdc.o (__gnu_thumb1_case_shi)
c:/program files (x86)/atmel/studio/7.0/toolchain/arm/arm-gnu-toolchain/bin/../lib/gcc/arm-none-eabi/6.3.1/thumb/v6-m\libgcc.a(_udivsi3.o)
                              hpl/core/hpl_core_m0plus_base.o (__aeabi_uidiv)
c:/program files (x86)/atmel/studio/7.0/toolchain/arm/arm-gnu-toolchain/bin/../lib/gcc/arm-none-eabi/6.3.1/thumb/v6-m\libgcc.a(_dvmd_tls.o)
                              c:/program files (x86)/atmel/studio/7.0/toolchain/arm/arm-gnu-toolchain/bin/../lib/gcc/arm-none-eabi/6.3.1/thumb/v6-m\libgcc.a(_udivsi3.o) (__aeabi_idiv0)
c:/program files (x86)/atmel/studio/7.0/toolchain/arm/arm-gnu-toolchain/bin/../lib/gcc/arm-none-eabi/6.3.1/../../../../arm-none-eabi/lib/thumb/v6-m\libc_nano.a(lib_a-exit.o)
                              c:/program files (x86)/atmel/studio/7.0/toolchain/arm/arm-gnu-toolchain/bin/../lib/gcc/arm-none-eabi/6.3.1/../../../../arm-none-eabi/lib/thumb/v6-m/crt0.o (exit)
c:/program files (x86)/atmel/studio/7.0/toolchain/arm/arm-gnu-toolchain/bin/../lib/gcc/arm-none-eabi/6.3.1/../../../../arm-none-eabi/lib/thumb/v6-m\libc_nano.a(lib_a-impure.o)
                              c:/program files (x86)/atmel/studio/7.0/toolchain/arm/arm-gnu-toolchain/bin/../lib/gcc/arm-none-eabi/6.3.1/../../../../arm-none-eabi/lib/thumb/v6-m\libc_nano.a(lib_a-exit.o) (_global_impure_ptr)
c:/program files (x86)/atmel/studio/7.0/toolchain/arm/arm-gnu-toolchain/bin/../lib/gcc/arm-none-eabi/6.3.1/../../../../arm-none-eabi/lib/thumb/v6-m\libc_nano.a(lib_a-init.o)
                              c:/program files (x86)/atmel/studio/7.0/toolchain/arm/arm-gnu-toolchain/bin/../lib/gcc/arm-none-eabi/6.3.1/../../../../arm-none-eabi/lib/thumb/v6-m/crt0.o (__libc_init_array)
c:/program files (x86)/atmel/studio/7.0/toolchain/arm/arm-gnu-toolchain/bin/../lib/gcc/arm-none-eabi/6.3.1/../../../../arm-none-eabi/lib/thumb/v6-m\libc_nano.a(lib_a-memcpy-stub.o)
                              hpl/usb/hpl_usb.o (memcpy)
c:/program files (x86)/atmel/studio/7.0/toolchain/arm/arm-gnu-toolchain/bin/../lib/gcc/arm-none-eabi/6.3.1/../../../../arm-none-eabi/lib/thumb/v6-m\libc_nano.a(lib_a-memset.o)
                              c:/program files (x86)/atmel/studio/7.0/toolchain/arm/arm-gnu-toolchain/bin/../lib/gcc/arm-none-eabi/6.3.1/../../../../arm-none-eabi/lib/thumb/v6-m/crt0.o (memset)
c:/program files (x86)/atmel/studio/7.0/toolchain/arm/arm-gnu-toolchain/bin/../lib/gcc/arm-none-eabi/6.3.1/../../../../arm-none-eabi/lib/thumb/v6-m\libc_nano.a(lib_a-printf.o)
                              hal/utils/src/utils_syscalls.o (printf)
c:/program files (x86)/atmel/studio/7.0/toolchain/arm/arm-gnu-toolchain/bin/../lib/gcc/arm-none-eabi/6.3.1/../../../../arm-none-eabi/lib/thumb/v6-m\libc_nano.a(lib_a-findfp.o)
                              c:/program files (x86)/atmel/studio/7.0/toolchain/arm/arm-gnu-toolchain/bin/../lib/gcc/arm-none-eabi/6.3.1/../../../../arm-none-eabi/lib/thumb/v6-m\libc_nano.a(lib_a-printf.o) (__sinit)
c:/program files (x86)/atmel/studio/7.0/toolchain/arm/arm-gnu-toolchain/bin/../lib/gcc/arm-none-eabi/6.3.1/../../../../arm-none-eabi/lib/thumb/v6-m\libc_nano.a(lib_a-fwalk.o)
                              c:/program files (x86)/atmel/studio/7.0/toolchain/arm/arm-gnu-toolchain/bin/../lib/gcc/arm-none-eabi/6.3.1/../../../../arm-none-eabi/lib/thumb/v6-m\libc_nano.a(lib_a-findfp.o) (_fwalk)
c:/program files (x86)/atmel/studio/7.0/toolchain/arm/arm-gnu-toolchain/bin/../lib/gcc/arm-none-eabi/6.3.1/../../../../arm-none-eabi/lib/thumb/v6-m\libc_nano.a(lib_a-nano-mallocr.o)
                              c:/program files (x86)/atmel/studio/7.0/toolchain/arm/arm-gnu-toolchain/bin/../lib/gcc/arm-none-eabi/6.3.1/../../../../arm-none-eabi/lib/thumb/v6-m\libc_nano.a(lib_a-findfp.o) (_malloc_r)
c:/program files (x86)/atmel/studio/7.0/toolchain/arm/arm-gnu-toolchain/bin/../lib/gcc/arm-none-eabi/6.3.1/../../../../arm-none-eabi/lib/thumb/v6-m\libc_nano.a(lib_a-nano-vfprintf.o)
                              c:/program files (x86)/atmel/studio/7.0/toolchain/arm/arm-gnu-toolchain/bin/../lib/gcc/arm-none-eabi/6.3.1/../../../../arm-none-eabi/lib/thumb/v6-m\libc_nano.a(lib_a-printf.o) (_vfprintf_r)
[...]
Memory Configuration

Name             Origin             Length             Attributes
rom              0x00000000         0x00040000         xr
ram              0x20000000         0x00008000         xrw
lpram            0x30000000         0x00002000         xrw
*default*        0x00000000         0xffffffff

Linker script and memory map

LOAD c:/program files (x86)/atmel/studio/7.0/toolchain/arm/arm-gnu-toolchain/bin/../lib/gcc/arm-none-eabi/6.3.1/thumb/v6-m/crti.o
LOAD c:/program files (x86)/atmel/studio/7.0/toolchain/arm/arm-gnu-toolchain/bin/../lib/gcc/arm-none-eabi/6.3.1/thumb/v6-m/crtbegin.o
LOAD c:/program files (x86)/atmel/studio/7.0/toolchain/arm/arm-gnu-toolchain/bin/../lib/gcc/arm-none-eabi/6.3.1/../../../../arm-none-eabi/lib/thumb/v6-m/crt0.o
LOAD atmel_start.o
LOAD Device_Startup/startup_saml21.o
LOAD Device_Startup/system_saml21.o
LOAD driver_init.o
LOAD examples/driver_examples.o
LOAD hal/src/hal_atomic.o
LOAD hal/src/hal_delay.o
LOAD hal/src/hal_gpio.o
LOAD hal/src/hal_init.o
LOAD hal/src/hal_io.o
LOAD hal/src/hal_sleep.o
LOAD hal/src/hal_usb_device.o
LOAD hal/utils/src/utils_assert.o
LOAD hal/utils/src/utils_event.o
LOAD hal/utils/src/utils_list.o
LOAD hal/utils/src/utils_syscalls.o
LOAD hpl/core/hpl_core_m0plus_base.o
LOAD hpl/core/hpl_init.o
LOAD hpl/dmac/hpl_dmac.o
LOAD hpl/gclk/hpl_gclk.o
LOAD hpl/mclk/hpl_mclk.o
LOAD hpl/osc32kctrl/hpl_osc32kctrl.o
LOAD hpl/oscctrl/hpl_oscctrl.o
LOAD hpl/pm/hpl_pm.o
LOAD hpl/usb/hpl_usb.o
LOAD usb/class/cdc/device/cdcdf_acm.o
LOAD usb/device/usbdc.o
LOAD usb/usb_protocol.o
LOAD usb_cdc_echo_main.o
LOAD usb_start.o
START GROUP
LOAD c:/program files (x86)/atmel/studio/7.0/toolchain/arm/arm-gnu-toolchain/bin/../lib/gcc/arm-none-eabi/6.3.1/../../../../arm-none-eabi/lib/thumb/v6-m\libm.a
END GROUP
START GROUP
LOAD c:/program files (x86)/atmel/studio/7.0/toolchain/arm/arm-gnu-toolchain/bin/../lib/gcc/arm-none-eabi/6.3.1/thumb/v6-m\libgcc.a
LOAD c:/program files (x86)/atmel/studio/7.0/toolchain/arm/arm-gnu-toolchain/bin/../lib/gcc/arm-none-eabi/6.3.1/../../../../arm-none-eabi/lib/thumb/v6-m\libc_nano.a
END GROUP
START GROUP
LOAD c:/program files (x86)/atmel/studio/7.0/toolchain/arm/arm-gnu-toolchain/bin/../lib/gcc/arm-none-eabi/6.3.1/thumb/v6-m\libgcc.a
LOAD c:/program files (x86)/atmel/studio/7.0/toolchain/arm/arm-gnu-toolchain/bin/../lib/gcc/arm-none-eabi/6.3.1/../../../../arm-none-eabi/lib/thumb/v6-m\libc_nano.a
END GROUP
LOAD c:/program files (x86)/atmel/studio/7.0/toolchain/arm/arm-gnu-toolchain/bin/../lib/gcc/arm-none-eabi/6.3.1/thumb/v6-m/crtend.o
LOAD c:/program files (x86)/atmel/studio/7.0/toolchain/arm/arm-gnu-toolchain/bin/../lib/gcc/arm-none-eabi/6.3.1/thumb/v6-m/crtn.o
                0x00002000                STACK_SIZE = DEFINED (STACK_SIZE)?STACK_SIZE:DEFINED (__stack_size__)?__stack_size__:0x2000

.text           0x00000000     0x23f0
                0x00000000                . = ALIGN (0x4)
                0x00000000                _sfixed = .
 *(.vectors .vectors.*)
 .vectors       0x00000000       0xb4 Device_Startup/startup_saml21.o
                0x00000000                exception_table
 *(.text .text.* .gnu.linkonce.t.*)
 .text          0x000000b4       0x60 c:/program files (x86)/atmel/studio/7.0/toolchain/arm/arm-gnu-toolchain/bin/../lib/gcc/arm-none-eabi/6.3.1/thumb/v6-m/crtbegin.o
 .text.atmel_start_init
                0x00000114       0x14 atmel_start.o
                0x00000114                atmel_start_init
 .text.Dummy_Handler
                0x00000128        0x2 Device_Startup/startup_saml21.o
                0x00000128                SVCall_Handler
                0x00000128                DMAC_Handler
                0x00000128                TRNG_Handler
                0x00000128                HardFault_Handler
                0x00000128                TC2_Handler
                0x00000128                AC_Handler
                0x00000128                SysTick_Handler
                0x00000128                PendSV_Handler
                0x00000128                SERCOM1_Handler
                0x00000128                ADC_Handler
                0x00000128                NonMaskableInt_Handler
                0x00000128                TCC1_Handler
                0x00000128                SERCOM2_Handler
                0x00000128                TCC0_Handler
                0x00000128                RTC_Handler
                0x00000128                EIC_Handler
                0x00000128                WDT_Handler
                0x00000128                TC4_Handler
                0x00000128                TC1_Handler
                0x00000128                TC3_Handler
                0x00000128                Dummy_Handler
                0x00000128                SERCOM5_Handler
                0x00000128                TCC2_Handler
                0x00000128                EVSYS_Handler
                0x00000128                SERCOM3_Handler
                0x00000128                SERCOM4_Handler
                0x00000128                NVMCTRL_Handler
                0x00000128                SYSTEM_Handler
                0x00000128                SERCOM0_Handler
                0x00000128                DAC_Handler
                0x00000128                PTC_Handler
                0x00000128                TC0_Handler
                0x00000128                AES_Handler
 *fill*         0x0000012a        0x2 
 .text.Reset_Handler
                0x0000012c       0x70 Device_Startup/startup_saml21.o
                0x0000012c                Reset_Handler
 .text.TARGET_USB_PORT_init
                0x0000019c       0x7c driver_init.o
                0x0000019c                TARGET_USB_PORT_init
 .text.TARGET_USB_CLOCK_init
                0x00000218       0x24 driver_init.o
                0x00000218                TARGET_USB_CLOCK_init
 .text.TARGET_USB_init
                0x0000023c       0x1c driver_init.o
                0x0000023c                TARGET_USB_init
 .text.system_init
                0x00000258       0x48 driver_init.o
                0x00000258                system_init
 .text.atomic_enter_critical
                0x000002a0        0xe hal/src/hal_atomic.o
                0x000002a0                atomic_enter_critical
 .text.atomic_leave_critical
                0x000002ae        0xc hal/src/hal_atomic.o
                0x000002ae                atomic_leave_critical
 *fill*         0x000002ba        0x2 
 .text.delay_ms
                0x000002bc       0x20 hal/src/hal_delay.o
                0x000002bc                delay_ms
 .text._usb_d_find_ep
                0x000002dc       0x34 hal/src/hal_usb_device.o
 .text.usb_d_dummy_cb_false
                0x00000310        0x4 hal/src/hal_usb_device.o
 .text.usb_d_cb_trans_more
                0x00000314       0x2c hal/src/hal_usb_device.o
 .text._usb_d_cb_trans_done
                0x00000340       0xf8 hal/src/hal_usb_device.o
 .text.usb_d_cb_trans_setup
                0x00000438       0x84 hal/src/hal_usb_device.o
 .text.usb_d_init
                0x000004bc       0x6c hal/src/hal_usb_device.o
                0x000004bc                usb_d_init
 .text.usb_d_register_callback
                0x00000528        0xc hal/src/hal_usb_device.o
                0x00000528                usb_d_register_callback
 .text.usb_d_enable
                0x00000534        0xc hal/src/hal_usb_device.o
                0x00000534                usb_d_enable
 .text.usb_d_attach
                0x00000540        0xc hal/src/hal_usb_device.o
                0x00000540                usb_d_attach
 .text.usb_d_set_address
                0x0000054c        0xc hal/src/hal_usb_device.o
                0x0000054c                usb_d_set_address
 .text.usb_d_ep_init
                0x00000558       0x50 hal/src/hal_usb_device.o
                0x00000558                usb_d_ep_init
 .text.usb_d_ep0_init
                0x000005a8       0x14 hal/src/hal_usb_device.o
                0x000005a8                usb_d_ep0_init
 .text.usb_d_ep_deinit
                0x000005bc       0x2c hal/src/hal_usb_device.o
                0x000005bc                usb_d_ep_deinit
 .text.usb_d_ep_enable
                0x000005e8       0x40 hal/src/hal_usb_device.o
                0x000005e8                usb_d_ep_enable
 .text.usb_d_ep_transfer
                0x00000628       0xf8 hal/src/hal_usb_device.o
                0x00000628                usb_d_ep_transfer
 .text.usb_d_ep_halt
                0x00000720       0x60 hal/src/hal_usb_device.o
                0x00000720                usb_d_ep_halt
 .text.usb_d_ep_register_callback
                0x00000780       0x4c hal/src/hal_usb_device.o
                0x00000780                usb_d_ep_register_callback
 .text.list_insert_at_end
                0x000007cc       0x1a hal/utils/src/utils_list.o
                0x000007cc                list_insert_at_end
 *fill*         0x000007e6        0x2 
 .text._get_cycles_for_ms
                0x000007e8       0x1c hpl/core/hpl_core_m0plus_base.o
                0x000007e8                _get_cycles_for_ms
 .text._delay_cycles
                0x00000804        0x6 hpl/core/hpl_core_m0plus_base.o
                0x00000804                _delay_cycles
 *fill*         0x0000080a        0x2 
 .text._init_chip
                0x0000080c       0x44 hpl/core/hpl_init.o
                0x0000080c                _init_chip
 .text._gclk_init_generators_by_fref
                0x00000850       0x38 hpl/gclk/hpl_gclk.o
                0x00000850                _gclk_init_generators_by_fref
 .text._mclk_init
                0x00000888       0x14 hpl/mclk/hpl_mclk.o
                0x00000888                _mclk_init
 .text._osc32kctrl_init_sources
                0x0000089c       0x18 hpl/osc32kctrl/hpl_osc32kctrl.o
                0x0000089c                _osc32kctrl_init_sources
 .text._oscctrl_init_sources
                0x000008b4       0x38 hpl/oscctrl/hpl_oscctrl.o
                0x000008b4                _oscctrl_init_sources
 .text._oscctrl_init_referenced_generators
                0x000008ec       0x84 hpl/oscctrl/hpl_oscctrl.o
                0x000008ec                _oscctrl_init_referenced_generators
 .text._set_performance_level
                0x00000970       0x24 hpl/pm/hpl_pm.o
                0x00000970                _set_performance_level
 .text._dummy_func_no_return
                0x00000994        0x4 hpl/usb/hpl_usb.o
 .text._usb_d_dev_ept
                0x00000998       0x1c hpl/usb/hpl_usb.o
 .text._usb_d_dev_handle_setup
                0x000009b4       0x7c hpl/usb/hpl_usb.o
 .text._usb_d_dev_handle_stall
                0x00000a30       0x2c hpl/usb/hpl_usb.o
 .text._usb_d_dev_trans_done
                0x00000a5c       0x24 hpl/usb/hpl_usb.o
 .text._usb_d_dev_trans_stop
                0x00000a80       0x64 hpl/usb/hpl_usb.o
 .text._usb_d_dev_handle_trfail
                0x00000ae4       0xe4 hpl/usb/hpl_usb.o
 .text._usb_d_dev_reset_epts
                0x00000bc8       0x40 hpl/usb/hpl_usb.o
 .text._usb_d_dev_in_next
                0x00000c08      0x170 hpl/usb/hpl_usb.o
 .text._usb_d_dev_out_next
                0x00000d78      0x1d4 hpl/usb/hpl_usb.o
 .text._usbd_ep_pcksize_size
                0x00000f4c       0x38 hpl/usb/hpl_usb.o
 .text._usb_d_dev_wait_dfll_rdy
                0x00000f84       0x28 hpl/usb/hpl_usb.o
 .text._usb_d_dev_init
                0x00000fac       0xd4 hpl/usb/hpl_usb.o
                0x00000fac                _usb_d_dev_init
 .text._usb_d_dev_enable
                0x00001080       0x50 hpl/usb/hpl_usb.o
                0x00001080                _usb_d_dev_enable
 .text._usb_d_dev_attach
                0x000010d0        0xe hpl/usb/hpl_usb.o
                0x000010d0                _usb_d_dev_attach
 .text._usb_d_dev_set_address
                0x000010de        0xc hpl/usb/hpl_usb.o
                0x000010de                _usb_d_dev_set_address
 *fill*         0x000010ea        0x2 
 .text._usb_d_dev_ep_init
                0x000010ec       0xc8 hpl/usb/hpl_usb.o
                0x000010ec                _usb_d_dev_ep_init
 .text._usb_d_dev_ep_deinit
                0x000011b4       0x7c hpl/usb/hpl_usb.o
                0x000011b4                _usb_d_dev_ep_deinit
 .text._usb_d_dev_ep_enable
                0x00001230      0x13c hpl/usb/hpl_usb.o
                0x00001230                _usb_d_dev_ep_enable
 .text._usb_d_dev_ep_stall
                0x0000136c       0xcc hpl/usb/hpl_usb.o
                0x0000136c                _usb_d_dev_ep_stall
 .text._usb_d_dev_ep_read_req
                0x00001438       0x58 hpl/usb/hpl_usb.o
                0x00001438                _usb_d_dev_ep_read_req
 .text._usb_d_dev_ep_trans
                0x00001490      0x118 hpl/usb/hpl_usb.o
                0x00001490                _usb_d_dev_ep_trans
 .text._usb_d_dev_register_callback
                0x000015a8       0x24 hpl/usb/hpl_usb.o
                0x000015a8                _usb_d_dev_register_callback
 .text._usb_d_dev_register_ep_callback
                0x000015cc       0x2c hpl/usb/hpl_usb.o
                0x000015cc                _usb_d_dev_register_ep_callback
 .text.USB_Handler
                0x000015f8      0x1c8 hpl/usb/hpl_usb.o
                0x000015f8                USB_Handler
 .text.cdcdf_acm_req
                0x000017c0       0xdc usb/class/cdc/device/cdcdf_acm.o
 .text.cdcdf_acm_ctrl
                0x0000189c      0x124 usb/class/cdc/device/cdcdf_acm.o
 .text.cdcdf_acm_init
                0x000019c0       0x44 usb/class/cdc/device/cdcdf_acm.o
                0x000019c0                cdcdf_acm_init
 .text.cdcdf_acm_read
                0x00001a04       0x28 usb/class/cdc/device/cdcdf_acm.o
                0x00001a04                cdcdf_acm_read
 .text.cdcdf_acm_write
                0x00001a2c       0x28 usb/class/cdc/device/cdcdf_acm.o
                0x00001a2c                cdcdf_acm_write
 .text.cdcdf_acm_register_callback
                0x00001a54       0x38 usb/class/cdc/device/cdcdf_acm.o
                0x00001a54                cdcdf_acm_register_callback
 .text.cdcdf_acm_is_enabled
                0x00001a8c        0xc usb/class/cdc/device/cdcdf_acm.o
                0x00001a8c                cdcdf_acm_is_enabled
 .text.usbdc_unconfig
                0x00001a98       0x20 usb/device/usbdc.o
 .text.usbdc_change_notify
                0x00001ab8       0x24 usb/device/usbdc.o
 .text.usbdc_request_handler
                0x00001adc       0x3c usb/device/usbdc.o
 .text.usbd_sof_cb
                0x00001b18       0x1c usb/device/usbdc.o
 .text.usbdc_cb_ctl_done
                0x00001b34       0x70 usb/device/usbdc.o
 .text.usbdc_reset
                0x00001ba4       0x58 usb/device/usbdc.o
                0x00001ba4                usbdc_reset
 .text.usbd_event_cb
                0x00001bfc       0x20 usb/device/usbdc.o
 .text.usbdc_xfer
                0x00001c1c       0x1c usb/device/usbdc.o
                0x00001c1c                usbdc_xfer
 .text.usbdc_cb_ctl_req
                0x00001c38      0x31c usb/device/usbdc.o
 .text.usbdc_register_handler
                0x00001f54       0x30 usb/device/usbdc.o
                0x00001f54                usbdc_register_handler
 .text.usbdc_init
                0x00001f84       0x44 usb/device/usbdc.o
                0x00001f84                usbdc_init
 .text.usbdc_register_function
                0x00001fc8       0x18 usb/device/usbdc.o
                0x00001fc8                usbdc_register_function
 .text.usbdc_start
                0x00001fe0       0x34 usb/device/usbdc.o
                0x00001fe0                usbdc_start
 .text.usbdc_attach
                0x00002014        0xc usb/device/usbdc.o
                0x00002014                usbdc_attach
 .text.usbdc_get_ctrl_buffer
                0x00002020        0xc usb/device/usbdc.o
                0x00002020                usbdc_get_ctrl_buffer
 .text.usbdc_get_state
                0x0000202c       0x14 usb/device/usbdc.o
                0x0000202c                usbdc_get_state
 .text.usb_find_desc
                0x00002040       0x1a usb/usb_protocol.o
                0x00002040                usb_find_desc
 .text.usb_find_ep_desc
                0x0000205a       0x1c usb/usb_protocol.o
                0x0000205a                usb_find_ep_desc
 *fill*         0x00002076        0x2 
 .text.usb_find_cfg_desc
                0x00002078       0x3c usb/usb_protocol.o
                0x00002078                usb_find_cfg_desc
 .text.usb_find_str_desc
                0x000020b4       0x30 usb/usb_protocol.o
                0x000020b4                usb_find_str_desc
 .text.startup.main
                0x000020e4       0x18 usb_cdc_echo_main.o
                0x000020e4                main
 .text.usb_device_cb_bulk_in
                0x000020fc       0x18 usb_start.o
 .text.usb_device_cb_bulk_out
                0x00002114       0x18 usb_start.o
 .text.usb_device_cb_state_c
                0x0000212c       0x3c usb_start.o
 .text.cdc_device_acm_init
                0x00002168       0x34 usb_start.o
                0x00002168                cdc_device_acm_init
 .text.cdcd_acm_example
                0x0000219c       0x44 usb_start.o
                0x0000219c                cdcd_acm_example
 .text.usb_init
                0x000021e0        0xc usb_start.o
                0x000021e0                usb_init
 .text          0x000021ec       0x14 c:/program files (x86)/atmel/studio/7.0/toolchain/arm/arm-gnu-toolchain/bin/../lib/gcc/arm-none-eabi/6.3.1/thumb/v6-m\libgcc.a(_thumb1_case_sqi.o)
                0x000021ec                __gnu_thumb1_case_sqi
 .text          0x00002200       0x14 c:/program files (x86)/atmel/studio/7.0/toolchain/arm/arm-gnu-toolchain/bin/../lib/gcc/arm-none-eabi/6.3.1/thumb/v6-m\libgcc.a(_thumb1_case_uqi.o)
                0x00002200                __gnu_thumb1_case_uqi
 .text          0x00002214       0x14 c:/program files (x86)/atmel/studio/7.0/toolchain/arm/arm-gnu-toolchain/bin/../lib/gcc/arm-none-eabi/6.3.1/thumb/v6-m\libgcc.a(_thumb1_case_shi.o)
                0x00002214                __gnu_thumb1_case_shi
 .text          0x00002228      0x114 c:/program files (x86)/atmel/studio/7.0/toolchain/arm/arm-gnu-toolchain/bin/../lib/gcc/arm-none-eabi/6.3.1/thumb/v6-m\libgcc.a(_udivsi3.o)
                0x00002228                __aeabi_uidiv
                0x00002228                __udivsi3
                0x00002334                __aeabi_uidivmod
 .text          0x0000233c        0x4 c:/program files (x86)/atmel/studio/7.0/toolchain/arm/arm-gnu-toolchain/bin/../lib/gcc/arm-none-eabi/6.3.1/thumb/v6-m\libgcc.a(_dvmd_tls.o)
                0x0000233c                __aeabi_idiv0
                0x0000233c                __aeabi_ldiv0
 .text.__libc_init_array
                0x00002340       0x48 c:/program files (x86)/atmel/studio/7.0/toolchain/arm/arm-gnu-toolchain/bin/../lib/gcc/arm-none-eabi/6.3.1/../../../../arm-none-eabi/lib/thumb/v6-m\libc_nano.a(lib_a-init.o)
                0x00002340                __libc_init_array
 .text.memcpy   0x00002388       0x12 c:/program files (x86)/atmel/studio/7.0/toolchain/arm/arm-gnu-toolchain/bin/../lib/gcc/arm-none-eabi/6.3.1/../../../../arm-none-eabi/lib/thumb/v6-m\libc_nano.a(lib_a-memcpy-stub.o)
                0x00002388                memcpy
 .text.memset   0x0000239a       0x10 c:/program files (x86)/atmel/studio/7.0/toolchain/arm/arm-gnu-toolchain/bin/../lib/gcc/arm-none-eabi/6.3.1/../../../../arm-none-eabi/lib/thumb/v6-m\libc_nano.a(lib_a-memset.o)
                0x0000239a                memset
 *(.glue_7t)
 .glue_7t       0x000023aa        0x0 linker stubs
 *(.glue_7)
 .glue_7        0x000023aa        0x0 linker stubs
 *(.rodata .rodata* .gnu.linkonce.r.*)
 *fill*         0x000023aa        0x2 
 .rodata        0x000023ac       0x24 hpl/usb/hpl_usb.o
 *(.ARM.extab* .gnu.linkonce.armextab.*)
                0x000023d0                . = ALIGN (0x4)
 *(.init)
 .init          0x000023d0        0x4 c:/program files (x86)/atmel/studio/7.0/toolchain/arm/arm-gnu-toolchain/bin/../lib/gcc/arm-none-eabi/6.3.1/thumb/v6-m/crti.o
                0x000023d0                _init
 .init          0x000023d4        0x8 c:/program files (x86)/atmel/studio/7.0/toolchain/arm/arm-gnu-toolchain/bin/../lib/gcc/arm-none-eabi/6.3.1/thumb/v6-m/crtn.o
                0x000023dc                . = ALIGN (0x4)
                0x000023dc                __preinit_array_start = .
 *(.preinit_array)
                0x000023dc                __preinit_array_end = .
                0x000023dc                . = ALIGN (0x4)
                0x000023dc                __init_array_start = .
 *(SORT(.init_array.*))
 *(.init_array)
 .init_array    0x000023dc        0x4 c:/program files (x86)/atmel/studio/7.0/toolchain/arm/arm-gnu-toolchain/bin/../lib/gcc/arm-none-eabi/6.3.1/thumb/v6-m/crtbegin.o
                0x000023e0                __init_array_end = .
                0x000023e0                . = ALIGN (0x4)
 *crtbegin.o(.ctors)
 *(EXCLUDE_FILE(*crtend.o) .ctors)
 *(SORT(.ctors.*))
 *crtend.o(.ctors)
                0x000023e0                . = ALIGN (0x4)
 *(.fini)
 .fini          0x000023e0        0x4 c:/program files (x86)/atmel/studio/7.0/toolchain/arm/arm-gnu-toolchain/bin/../lib/gcc/arm-none-eabi/6.3.1/thumb/v6-m/crti.o
                0x000023e0                _fini
 .fini          0x000023e4        0x8 c:/program files (x86)/atmel/studio/7.0/toolchain/arm/arm-gnu-toolchain/bin/../lib/gcc/arm-none-eabi/6.3.1/thumb/v6-m/crtn.o
                0x000023ec                . = ALIGN (0x4)
                0x000023ec                __fini_array_start = .
 *(.fini_array)
 .fini_array    0x000023ec        0x4 c:/program files (x86)/atmel/studio/7.0/toolchain/arm/arm-gnu-toolchain/bin/../lib/gcc/arm-none-eabi/6.3.1/thumb/v6-m/crtbegin.o
 *(SORT(.fini_array.*))
                0x000023f0                __fini_array_end = .
 *crtbegin.o(.dtors)
 *(EXCLUDE_FILE(*crtend.o) .dtors)
 *(SORT(.dtors.*))
 *crtend.o(.dtors)
                0x000023f0                . = ALIGN (0x4)
                0x000023f0                _efixed = .
                [!provide]                PROVIDE (__exidx_start, .)

.vfp11_veneer   0x000023f0        0x0
 .vfp11_veneer  0x000023f0        0x0 linker stubs

.v4_bx          0x000023f0        0x0
 .v4_bx         0x000023f0        0x0 linker stubs

.iplt           0x000023f0        0x0
 .iplt          0x000023f0        0x0 c:/program files (x86)/atmel/studio/7.0/toolchain/arm/arm-gnu-toolchain/bin/../lib/gcc/arm-none-eabi/6.3.1/thumb/v6-m/crtbegin.o

.eh_frame       0x000023f0        0x0
 .eh_frame      0x000023f0        0x0 c:/program files (x86)/atmel/studio/7.0/toolchain/arm/arm-gnu-toolchain/bin/../lib/gcc/arm-none-eabi/6.3.1/thumb/v6-m/crtbegin.o

.rel.dyn        0x000023f0        0x0
 .rel.iplt      0x000023f0        0x0 c:/program files (x86)/atmel/studio/7.0/toolchain/arm/arm-gnu-toolchain/bin/../lib/gcc/arm-none-eabi/6.3.1/thumb/v6-m/crtbegin.o

.jcr            0x000023f0        0x0
 .jcr           0x000023f0        0x0 c:/program files (x86)/atmel/studio/7.0/toolchain/arm/arm-gnu-toolchain/bin/../lib/gcc/arm-none-eabi/6.3.1/thumb/v6-m/crtbegin.o

.igot.plt       0x000023f0        0x0
 .igot.plt      0x000023f0        0x0 c:/program files (x86)/atmel/studio/7.0/toolchain/arm/arm-gnu-toolchain/bin/../lib/gcc/arm-none-eabi/6.3.1/thumb/v6-m/crtbegin.o

.ARM.exidx
 *(.ARM.exidx* .gnu.linkonce.armexidx.*)
                [!provide]                PROVIDE (__exidx_end, .)
                0x000023f0                . = ALIGN (0x4)
                0x000023f0                _etext = .

.relocate       0x20000000       0x68 load address 0x000023f0
                0x20000000                . = ALIGN (0x4)
                0x20000000                _srelocate = .
 *(.ramfunc .ramfunc.*)
 *(.data .data.*)
 .data          0x20000000        0x8 usb/class/cdc/device/cdcdf_acm.o
 .data          0x20000008       0x5d usb_start.o
                0x20000068                . = ALIGN (0x4)
 *fill*         0x20000065        0x3 
                0x20000068                _erelocate = .

.lpram          0x30000000        0x0
                0x30000000                . = ALIGN (0x8)
                0x30000000                _slpram = .
 *(.lpram .lpram.*)
                0x30000000                . = ALIGN (0x8)
                0x30000000                _elpram = .

.bss            0x20000068      0x5d4 load address 0x00002458
                0x20000068                . = ALIGN (0x4)
                0x20000068                _sbss = .
                0x20000068                _szero = .
 *(.bss .bss.*)
 .bss           0x20000068       0x1c c:/program files (x86)/atmel/studio/7.0/toolchain/arm/arm-gnu-toolchain/bin/../lib/gcc/arm-none-eabi/6.3.1/thumb/v6-m/crtbegin.o
 .bss           0x20000084        0x4 hal/src/hal_delay.o
 .bss           0x20000088      0x1a0 hal/src/hal_usb_device.o
 .bss           0x20000228      0x350 hpl/usb/hpl_usb.o
 .bss           0x20000578       0x24 usb/class/cdc/device/cdcdf_acm.o
 .bss           0x2000059c       0x20 usb/device/usbdc.o
 .bss           0x200005bc       0x80 usb_start.o
 *(COMMON)
                0x2000063c                . = ALIGN (0x4)
                0x2000063c                _ebss = .
                0x2000063c                _ezero = .

.stack          0x2000063c     0x2004 load address 0x00002a2c
                0x20000640                . = ALIGN (0x8)
 *fill*         0x2000063c        0x4 
                0x20000640                _sstack = .
                0x20002640                . = (. + STACK_SIZE)
 *fill*         0x20000640     0x2000 
                0x20002640                . = ALIGN (0x8)
                0x20002640                _estack = .
                0x20002640                . = ALIGN (0x4)
                0x20002640                _end = .
OUTPUT(USB CDC Echo.elf elf32-littlearm)

.ARM.attributes
                0x00000000       0x28
 .ARM.attributes
                0x00000000       0x1e c:/program files (x86)/atmel/studio/7.0/toolchain/arm/arm-gnu-toolchain/bin/../lib/gcc/arm-none-eabi/6.3.1/thumb/v6-m/crti.o
 .ARM.attributes
                0x0000001e       0x2c c:/program files (x86)/atmel/studio/7.0/toolchain/arm/arm-gnu-toolchain/bin/../lib/gcc/arm-none-eabi/6.3.1/thumb/v6-m/crtbegin.o
 .ARM.attributes
                0x0000004a       0x32 atmel_start.o
 .ARM.attributes
                0x0000007c       0x32 Device_Startup/startup_saml21.o
 .ARM.attributes
                0x000000ae       0x32 driver_init.o
 .ARM.attributes
                0x000000e0       0x32 hal/src/hal_atomic.o
 .ARM.attributes
                0x00000112       0x32 hal/src/hal_delay.o
 .ARM.attributes
                0x00000144       0x32 hal/src/hal_usb_device.o
 .ARM.attributes
                0x00000176       0x32 hal/utils/src/utils_list.o
 .ARM.attributes
                0x000001a8       0x32 hpl/core/hpl_core_m0plus_base.o
 .ARM.attributes
                0x000001da       0x32 hpl/core/hpl_init.o
 .ARM.attributes
                0x0000020c       0x32 hpl/gclk/hpl_gclk.o
 .ARM.attributes
                0x0000023e       0x32 hpl/mclk/hpl_mclk.o
 .ARM.attributes
                0x00000270       0x32 hpl/osc32kctrl/hpl_osc32kctrl.o
 .ARM.attributes
                0x000002a2       0x32 hpl/oscctrl/hpl_oscctrl.o
 .ARM.attributes
                0x000002d4       0x32 hpl/pm/hpl_pm.o
 .ARM.attributes
                0x00000306       0x32 hpl/usb/hpl_usb.o
 .ARM.attributes
                0x00000338       0x32 usb/class/cdc/device/cdcdf_acm.o
 .ARM.attributes
                0x0000036a       0x32 usb/device/usbdc.o
 .ARM.attributes
                0x0000039c       0x32 usb/usb_protocol.o
 .ARM.attributes
                0x000003ce       0x32 usb_cdc_echo_main.o
 .ARM.attributes
                0x00000400       0x32 usb_start.o
 .ARM.attributes
                0x00000432       0x1e c:/program files (x86)/atmel/studio/7.0/toolchain/arm/arm-gnu-toolchain/bin/../lib/gcc/arm-none-eabi/6.3.1/thumb/v6-m\libgcc.a(_thumb1_case_sqi.o)
 .ARM.attributes
                0x00000450       0x1e c:/program files (x86)/atmel/studio/7.0/toolchain/arm/arm-gnu-toolchain/bin/../lib/gcc/arm-none-eabi/6.3.1/thumb/v6-m\libgcc.a(_thumb1_case_uqi.o)
 .ARM.attributes
                0x0000046e       0x1e c:/program files (x86)/atmel/studio/7.0/toolchain/arm/arm-gnu-toolchain/bin/../lib/gcc/arm-none-eabi/6.3.1/thumb/v6-m\libgcc.a(_thumb1_case_shi.o)
 .ARM.attributes
                0x0000048c       0x1e c:/program files (x86)/atmel/studio/7.0/toolchain/arm/arm-gnu-toolchain/bin/../lib/gcc/arm-none-eabi/6.3.1/thumb/v6-m\libgcc.a(_udivsi3.o)
 .ARM.attributes
                0x000004aa       0x1e c:/program files (x86)/atmel/studio/7.0/toolchain/arm/arm-gnu-toolchain/bin/../lib/gcc/arm-none-eabi/6.3.1/thumb/v6-m\libgcc.a(_dvmd_tls.o)
 .ARM.attributes
                0x000004c8       0x2c c:/program files (x86)/atmel/studio/7.0/toolchain/arm/arm-gnu-toolchain/bin/../lib/gcc/arm-none-eabi/6.3.1/../../../../arm-none-eabi/lib/thumb/v6-m\libc_nano.a(lib_a-init.o)
 .ARM.attributes
                0x000004f4       0x2c c:/program files (x86)/atmel/studio/7.0/toolchain/arm/arm-gnu-toolchain/bin/../lib/gcc/arm-none-eabi/6.3.1/../../../../arm-none-eabi/lib/thumb/v6-m\libc_nano.a(lib_a-memcpy-stub.o)
 .ARM.attributes
                0x00000520       0x2c c:/program files (x86)/atmel/studio/7.0/toolchain/arm/arm-gnu-toolchain/bin/../lib/gcc/arm-none-eabi/6.3.1/../../../../arm-none-eabi/lib/thumb/v6-m\libc_nano.a(lib_a-memset.o)
 .ARM.attributes
                0x0000054c       0x1e c:/program files (x86)/atmel/studio/7.0/toolchain/arm/arm-gnu-toolchain/bin/../lib/gcc/arm-none-eabi/6.3.1/thumb/v6-m/crtn.o

.comment        0x00000000       0x59
 .comment       0x00000000       0x59 atmel_start.o
                                 0x5a (size before relaxing)
 .comment       0x00000059       0x5a Device_Startup/startup_saml21.o
 .comment       0x00000059       0x5a driver_init.o
 .comment       0x00000059       0x5a hal/src/hal_atomic.o
 .comment       0x00000059       0x5a hal/src/hal_delay.o
 .comment       0x00000059       0x5a hal/src/hal_usb_device.o
 .comment       0x00000059       0x5a hal/utils/src/utils_list.o
 .comment       0x00000059       0x5a hpl/core/hpl_core_m0plus_base.o
 .comment       0x00000059       0x5a hpl/core/hpl_init.o
 .comment       0x00000059       0x5a hpl/gclk/hpl_gclk.o
 .comment       0x00000059       0x5a hpl/mclk/hpl_mclk.o
 .comment       0x00000059       0x5a hpl/osc32kctrl/hpl_osc32kctrl.o
 .comment       0x00000059       0x5a hpl/oscctrl/hpl_oscctrl.o
 .comment       0x00000059       0x5a hpl/pm/hpl_pm.o
 .comment       0x00000059       0x5a hpl/usb/hpl_usb.o
 .comment       0x00000059       0x5a usb/class/cdc/device/cdcdf_acm.o
 .comment       0x00000059       0x5a usb/device/usbdc.o
 .comment       0x00000059       0x5a usb/usb_protocol.o
 .comment       0x00000059       0x5a usb_cdc_echo_main.o
 .comment       0x00000059       0x5a usb_start.o

.debug_frame    0x00000000       0x94
 .debug_frame   0x00000000       0x20 c:/program files (x86)/atmel/studio/7.0/toolchain/arm/arm-gnu-toolchain/bin/../lib/gcc/arm-none-eabi/6.3.1/thumb/v6-m\libgcc.a(_udivsi3.o)
 .debug_frame   0x00000020       0x2c c:/program files (x86)/atmel/studio/7.0/toolchain/arm/arm-gnu-toolchain/bin/../lib/gcc/arm-none-eabi/6.3.1/../../../../arm-none-eabi/lib/thumb/v6-m\libc_nano.a(lib_a-init.o)
 .debug_frame   0x0000004c       0x28 c:/program files (x86)/atmel/studio/7.0/toolchain/arm/arm-gnu-toolchain/bin/../lib/gcc/arm-none-eabi/6.3.1/../../../../arm-none-eabi/lib/thumb/v6-m\libc_nano.a(lib_a-memcpy-stub.o)
 .debug_frame   0x00000074       0x20 c:/program files (x86)/atmel/studio/7.0/toolchain/arm/arm-gnu-toolchain/bin/../lib/gcc/arm-none-eabi/6.3.1/../../../../arm-none-eabi/lib/thumb/v6-m\libc_nano.a(lib_a-memset.o)
