Archive member included to satisfy reference by file (symbol)

c:/program files (x86)/atmel/studio/7.0/toolchain/arm/arm-gnu-toolchain/bin/../lib/gcc/arm-none-eabi/6.3.1/thumb/v6-m\libgcc.a(_udivsi3.o)
                              hpl/core/hpl_core_m0plus_base.o (__aeabi_uidiv)
c:/program files (x86)/atmel/studio/7.0/toolchain/arm/arm-gnu-toolchain/bin/../lib/gcc/arm-none-eabi/6.3.1/thumb/v6-m\libgcc.a(_dvmd_tls.o)
                              c:/program files (x86)/atmel/studio/7.0/toolchain/arm/arm-gnu-toolchain/bin/../lib/gcc/arm-none-eabi/6.3.1/thumb/v6-m\libgcc.a(_udivsi3.o) (__aeabi_idiv0)
c:/program files (x86)/atmel/studio/7.0/toolchain/arm/arm-gnu-toolchain/bin/../lib/gcc/arm-none-eabi/6.3.1/../../../../arm-none-eabi/lib/thumb/v6-m\libc_nano.a(lib_a-exit.o)
                              c:/program files (x86)/atmel/studio/7.0/toolchain/arm/arm-gnu-toolchain/bin/../lib/gcc/arm-none-eabi/6.3.1/../../../../arm-none-eabi/lib/thumb/v6-m/crt0.o (exit)
c:/program files (x86)/atmel/studio/7.0/toolchain/arm/arm-gnu-toolchain/bin/../lib/gcc/arm-none-eabi/6.3.1/../../../../arm-none-eabi/lib/thumb/v6-m\libc_nano.a(lib_a-impure.o)
                              c:/program files (x86)/atmel/studio/7.0/toolchain/arm/arm-gnu-toolchain/bin/../lib/gcc/arm-none-eabi/6.3.1/../../../../arm-none-eabi/lib/thumb/v6-m\libc_nano.a(lib_a-exit.o) (_global_impure_ptr)
c:/program files (x86)/atmel/studio/7.0/toolchain/arm/arm-gnu-toolchain/bin/../lib/gcc/arm-none-eabi/6.3.1/../../../../arm-none-eabi/lib/thumb/v6-m\libc_nano.a(lib_a-init.o)
                              c:/program files (x86)/atmel/studio/7.0/toolchain/arm/arm-gnu-toolchain/bin/../lib/gcc/arm-none-eabi/6.3.1/../../../../arm-none-eabi/lib/thumb/v6-m/crt0.o (__libc_init_array)
c:/program files (x86)/atmel/studio/7.0/toolchain/arm/arm-gnu-toolchain/bin/../lib/gcc/arm-none-eabi/6.3.1/../../../../arm-none-eabi/lib/thumb/v6-m\libc_nano.a(lib_a-memcpy-stub.o)
                              hpl/usb/hpl_usb.o (memcpy)
c:/program files (x86)/atmel/studio/7.0/toolchain/arm/arm-gnu-toolchain/bin/../lib/gcc/arm-none-eabi/6.3.1/../../../../arm-none-eabi/lib/thumb/v6-m\libc_nano.a(lib_a-memset.o)
                              c:/program files (x86)/atmel/studio/7.0/toolchain/arm/arm-gnu-toolchain/bin/../lib/gcc/arm-none-eabi/6.3.1/../../../../arm-none-eabi/lib/thumb/v6-m/crt0.o (memset)
c:/program files (x86)/atmel/studio/7.0/toolchain/arm/arm-gnu-toolchain/bin/../lib/gcc/arm-none-eabi/6.3.1/../../../../arm-none-eabi/lib/thumb/v6-m\libc_nano.a(lib_a-printf.o)
                              hal/utils/src/utils_syscalls.o (printf)
c:/program files (x86)/atmel/studio/7.0/toolchain/arm/arm-gnu-toolchain/bin/../lib/gcc/arm-none-eabi/6.3.1/../../../../arm-none-eabi/lib/thumb/v6-m\libc_nano.a(lib_a-findfp.o)
                              c:/program files (x86)/atmel/studio/7.0/toolchain/arm/arm-gnu-toolchain/bin/../lib/gcc/arm-none-eabi/6.3.1/../../../../arm-none-eabi/lib/thumb/v6-m\libc_nano.a(lib_a-printf.o) (__sinit)
c:/program files (x86)/atmel/studio/7.0/toolchain/arm/arm-gnu-toolchain/bin/../lib/gcc/arm-none-eabi/6.3.1/../../../../arm-none-eabi/lib/thumb/v6-m\libc_nano.a(lib_a-fwalk.o)
                              c:/program files (x86)/atmel/studio/7.0/toolchain/arm/arm-gnu-toolchain/bin/../lib/gcc/arm-none-eabi/6.3.1/../../../../arm-none-eabi/lib/thumb/v6-m\libc_nano.a(lib_a-findfp.o) (_fwalk)
c:/program files (x86)/atmel/studio/7.0/toolchain/arm/arm-gnu-toolchain/bin/../lib/gcc/arm-none-eabi/6.3.1/../../../../arm-none-eabi/lib/thumb/v6-m\libc_nano.a(lib_a-nano-mallocr.o)
                              c:/program files (x86)/atmel/studio/7.0/toolchain/arm/arm-gnu-toolchain/bin/../lib/gcc/arm-none-eabi/6.3.1/../../../../arm-none-eabi/lib/thumb/v6-m\libc_nano.a(lib_a-findfp.o) (_malloc_r)
c:/program files (x86)/atmel/studio/7.0/toolchain/arm/arm-gnu-toolchain/bin/../lib/gcc/arm-none-eabi/6.3.1/../../../../arm-none-eabi/lib/thumb/v6-m\libc_nano.a(lib_a-nano-vfprintf.o)
                              c:/program files (x86)/atmel/studio/7.0/toolchain/arm/arm-gnu-toolchain/bin/../lib/gcc/arm-none-eabi/6.3.1/../../../../arm-none-eabi/lib/thumb/v6-m\libc_nano.a(lib_a-printf.o) (_vfprintf_r)
c:/program files (x86)/atmel/studio/7.0/toolchain/arm/arm-gnu-toolchain/bin/../lib/gcc/arm-none-eabi/6.3.1/../../../../arm-none-eabi/lib/thumb/v6-m\libc_nano.a(lib_a-nano-vfprintf_i.o)
                              c:/program files (x86)/atmel/studio/7.0/toolchain/arm/arm-gnu-toolchain/bin/../lib/gcc/arm-none-eabi/6.3.1/../../../../arm-none-eabi/lib/thumb/v6-m\libc_nano.a(lib_a-nano-vfprintf.o) (_printf_i)
c:/program files (x86)/atmel/studio/7.0/toolchain/arm/arm-gnu-toolchain/bin/../lib/gcc/arm-none-eabi/6.3.1/../../../../arm-none-eabi/lib/thumb/v6-m\libc_nano.a(lib_a-sbrkr.o)
                              c:/program files (x86)/atmel/studio/7.0/toolchain/arm/arm-gnu-toolchain/bin/../lib/gcc/arm-none-eabi/6.3.1/../../../../arm-none-eabi/lib/thumb/v6-m\libc_nano.a(lib_a-nano-mallocr.o) (_sbrk_r)
[...]
Memory Configuration

Name             Origin             Length             Attributes
rom              0x00000000         0x00040000         xr
ram              0x20000000         0x00008000         xrw
lpram            0x30000000         0x00002000         xrw
*default*        0x00000000         0xffffffff

Linker script and memory map

LOAD c:/program files (x86)/atmel/studio/7.0/toolchain/arm/arm-gnu-toolchain/bin/../lib/gcc/arm-none-eabi/6.3.1/thumb/v6-m/crti.o
LOAD c:/program files (x86)/atmel/studio/7.0/toolchain/arm/arm-gnu-toolchain/bin/../lib/gcc/arm-none-eabi/6.3.1/thumb/v6-m/crtbegin.o
LOAD c:/program files (x86)/atmel/studio/7.0/toolchain/arm/arm-gnu-toolchain/bin/../lib/gcc/arm-none-eabi/6.3.1/../../../../arm-none-eabi/lib/thumb/v6-m/crt0.o
LOAD atmel_start.o
LOAD Device_Startup/startup_saml21.o
LOAD Device_Startup/system_saml21.o
LOAD driver_init.o
LOAD examples/driver_examples.o
LOAD hal/src/hal_atomic.o
LOAD hal/src/hal_delay.o
LOAD hal/src/hal_gpio.o
LOAD hal/src/hal_init.o
LOAD hal/src/hal_io.o
LOAD hal/src/hal_sleep.o
LOAD hal/src/hal_usb_device.o
LOAD hal/utils/src/utils_assert.o
LOAD hal/utils/src/utils_event.o
LOAD hal/utils/src/utils_list.o
LOAD hal/utils/src/utils_syscalls.o
LOAD hpl/core/hpl_core_m0plus_base.o
LOAD hpl/core/hpl_init.o
LOAD hpl/dmac/hpl_dmac.o
LOAD hpl/gclk/hpl_gclk.o
LOAD hpl/mclk/hpl_mclk.o
LOAD hpl/osc32kctrl/hpl_osc32kctrl.o
LOAD hpl/oscctrl/hpl_oscctrl.o
LOAD hpl/pm/hpl_pm.o
LOAD hpl/usb/hpl_usb.o
LOAD usb/class/cdc/device/cdcdf_acm.o
LOAD usb/device/usbdc.o
LOAD usb/usb_protocol.o
LOAD usb_cdc_echo_main.o
LOAD usb_start.o
START GROUP
LOAD c:/program files (x86)/atmel/studio/7.0/toolchain/arm/arm-gnu-toolchain/bin/../lib/gcc/arm-none-eabi/6.3.1/../../../../arm-none-eabi/lib/thumb/v6-m\libm.a
END GROUP
START GROUP
LOAD c:/program files (x86)/atmel/studio/7.0/toolchain/arm/arm-gnu-toolchain/bin/../lib/gcc/arm-none-eabi/6.3.1/thumb/v6-m\libgcc.a
LOAD c:/program files (x86)/atmel/studio/7.0/toolchain/arm/arm-gnu-toolchain/bin/../lib/gcc/arm-none-eabi/6.3.1/../../../../arm-none-eabi/lib/thumb/v6-m\libc_nano.a
END GROUP
START GROUP
LOAD c:/program files (x86)/atmel/studio/7.0/toolchain/arm/arm-gnu-toolchain/bin/../lib/gcc/arm-none-eabi/6.3.1/thumb/v6-m\libgcc.a
LOAD c:/program files (x86)/atmel/studio/7.0/toolchain/arm/arm-gnu-toolchain/bin/../lib/gcc/arm-none-eabi/6.3.1/../../../../arm-none-eabi/lib/thumb/v6-m\libc_nano.a
END GROUP
LOAD c:/program files (x86)/atmel/studio/7.0/toolchain/arm/arm-gnu-toolchain/bin/../lib/gcc/arm-none-eabi/6.3.1/thumb/v6-m/crtend.o
LOAD c:/program files (x86)/atmel/studio/7.0/toolchain/arm/arm-gnu-toolchain/bin/../lib/gcc/arm-none-eabi/6.3.1/thumb/v6-m/crtn.o
                0x00002000                STACK_SIZE = DEFINED (STACK_SIZE)?STACK_SIZE:DEFINED (__stack_size__)?__stack_size__:0x2000

.text           0x00000000     0x2bdc
                0x00000000                . = ALIGN (0x4)
                0x00000000                _sfixed = .
 *(.vectors .vectors.*)
 .vectors       0x00000000       0xb4 Device_Startup/startup_saml21.o
                0x00000000                exception_table
 *(.text .text.* .gnu.linkonce.t.*)
 .text          0x000000b4       0x60 c:/program files (x86)/atmel/studio/7.0/toolchain/arm/arm-gnu-toolchain/bin/../lib/gcc/arm-none-eabi/6.3.1/thumb/v6-m/crtbegin.o
 .text.atmel_start_init
                0x00000114       0x14 atmel_start.o
                0x00000114                atmel_start_init
 .text.Dummy_Handler
                0x00000128        0x2 Device_Startup/startup_saml21.o
                0x00000128                SVCall_Handler
                0x00000128                DMAC_Handler
                0x00000128                TRNG_Handler
                0x00000128                HardFault_Handler
                0x00000128                TC2_Handler
                0x00000128                AC_Handler
                0x00000128                SysTick_Handler
                0x00000128                PendSV_Handler
                0x00000128                SERCOM1_Handler
                0x00000128                ADC_Handler
                0x00000128                NonMaskableInt_Handler
                0x00000128                TCC1_Handler
                0x00000128                SERCOM2_Handler
                0x00000128                TCC0_Handler
                0x00000128                RTC_Handler
                0x00000128                EIC_Handler
                0x00000128                WDT_Handler
                0x00000128                TC4_Handler
                0x00000128                TC1_Handler
                0x00000128                TC3_Handler
                0x00000128                Dummy_Handler
                0x00000128                SERCOM5_Handler
                0x00000128                TCC2_Handler
                0x00000128                EVSYS_Handler
                0x00000128                SERCOM3_Handler
                0x00000128                SERCOM4_Handler
                0x00000128                NVMCTRL_Handler
                0x00000128                SYSTEM_Handler
                0x00000128                SERCOM0_Handler
                0x00000128                DAC_Handler
                0x00000128                PTC_Handler
                0x00000128                TC0_Handler
                0x00000128                AES_Handler
 *fill*         0x0000012a        0x2 
 .text.Reset_Handler
                0x0000012c       0x98 Device_Startup/startup_saml21.o
                0x0000012c                Reset_Handler
 .text.TARGET_USB_PORT_init
                0x000001c4       0x88 driver_init.o
                0x000001c4                TARGET_USB_PORT_init
 .text.TARGET_USB_CLOCK_init
                0x0000024c       0x28 driver_init.o
                0x0000024c                TARGET_USB_CLOCK_init
 .text.TARGET_USB_init
                0x00000274       0x1c driver_init.o
                0x00000274                TARGET_USB_init
 .text.system_init
                0x00000290       0x44 driver_init.o
                0x00000290                system_init
 .text.atomic_enter_critical
                0x000002d4        0xe hal/src/hal_atomic.o
                0x000002d4                atomic_enter_critical
 .text.atomic_leave_critical
                0x000002e2        0xc hal/src/hal_atomic.o
                0x000002e2                atomic_leave_critical
 *fill*         0x000002ee        0x2 
 .text._usb_d_find_ep
                0x000002f0       0x44 hal/src/hal_usb_device.o
 .text.usb_d_dummy_cb_false
                0x00000334        0x4 hal/src/hal_usb_device.o
 .text.usb_d_cb_trans_more
                0x00000338       0x38 hal/src/hal_usb_device.o
 .text._usb_d_cb_trans_done
                0x00000370      0x160 hal/src/hal_usb_device.o
 .text.usb_d_cb_trans_setup
                0x000004d0       0x90 hal/src/hal_usb_device.o
 .text.usb_d_init
                0x00000560       0x74 hal/src/hal_usb_device.o
                0x00000560                usb_d_init
 .text.usb_d_register_callback
                0x000005d4        0xc hal/src/hal_usb_device.o
                0x000005d4                usb_d_register_callback
 .text.usb_d_enable
                0x000005e0        0xc hal/src/hal_usb_device.o
                0x000005e0                usb_d_enable
 .text.usb_d_attach
                0x000005ec        0xc hal/src/hal_usb_device.o
                0x000005ec                usb_d_attach
 .text.usb_d_set_address
                0x000005f8        0xc hal/src/hal_usb_device.o
                0x000005f8                usb_d_set_address
 .text.usb_d_ep_init
                0x00000604       0x54 hal/src/hal_usb_device.o
                0x00000604                usb_d_ep_init
 .text.usb_d_ep0_init
                0x00000658       0x14 hal/src/hal_usb_device.o
                0x00000658                usb_d_ep0_init
 .text.usb_d_ep_deinit
                0x0000066c       0x2c hal/src/hal_usb_device.o
                0x0000066c                usb_d_ep_deinit
 .text.usb_d_ep_enable
                0x00000698       0x4c hal/src/hal_usb_device.o
                0x00000698                usb_d_ep_enable
 .text.usb_d_ep_transfer
                0x000006e4      0x128 hal/src/hal_usb_device.o
                0x000006e4                usb_d_ep_transfer
 .text.usb_d_ep_halt
                0x0000080c       0x68 hal/src/hal_usb_device.o
                0x0000080c                usb_d_ep_halt
 .text.usb_d_ep_register_callback
                0x00000874       0x50 hal/src/hal_usb_device.o
                0x00000874                usb_d_ep_register_callback
 .text.assert   0x000008c4        0x8 hal/utils/src/utils_assert.o
                0x000008c4                assert
 .text.is_list_element
                0x000008cc       0x24 hal/utils/src/utils_list.o
                0x000008cc                is_list_element
 .text.list_insert_at_end
                0x000008f0       0x40 hal/utils/src/utils_list.o
                0x000008f0                list_insert_at_end
 .text._init_chip
                0x00000930       0x44 hpl/core/hpl_init.o
                0x00000930                _init_chip
 .text._gclk_init_generators_by_fref
                0x00000974       0x3c hpl/gclk/hpl_gclk.o
                0x00000974                _gclk_init_generators_by_fref
 .text._mclk_init
                0x000009b0       0x14 hpl/mclk/hpl_mclk.o
                0x000009b0                _mclk_init
 .text._osc32kctrl_init_sources
                0x000009c4       0x18 hpl/osc32kctrl/hpl_osc32kctrl.o
                0x000009c4                _osc32kctrl_init_sources
 .text._oscctrl_init_sources
                0x000009dc       0x38 hpl/oscctrl/hpl_oscctrl.o
                0x000009dc                _oscctrl_init_sources
 .text._oscctrl_init_referenced_generators
                0x00000a14       0x94 hpl/oscctrl/hpl_oscctrl.o
                0x00000a14                _oscctrl_init_referenced_generators
 .text._set_performance_level
                0x00000aa8       0x2a hpl/pm/hpl_pm.o
                0x00000aa8                _set_performance_level
 .text._dummy_func_no_return
                0x00000ad2        0x4 hpl/usb/hpl_usb.o
 *fill*         0x00000ad6        0x2 
 .text._usb_d_dev_handle_setup
                0x00000ad8       0x8c hpl/usb/hpl_usb.o
 .text._usb_d_dev_handle_stall
                0x00000b64       0x30 hpl/usb/hpl_usb.o
 .text._usb_d_dev_trans_done
                0x00000b94       0x28 hpl/usb/hpl_usb.o
 .text._usb_d_dev_trans_stop
                0x00000bbc       0x6c hpl/usb/hpl_usb.o
 .text._usb_d_dev_handle_trfail
                0x00000c28      0x100 hpl/usb/hpl_usb.o
 .text._usb_d_dev_reset_epts
                0x00000d28       0x48 hpl/usb/hpl_usb.o
 .text._usb_d_dev_in_next
                0x00000d70      0x1a8 hpl/usb/hpl_usb.o
 .text._usb_d_dev_out_next
                0x00000f18      0x234 hpl/usb/hpl_usb.o
 .text._usb_d_dev_init
                0x0000114c       0xec hpl/usb/hpl_usb.o
                0x0000114c                _usb_d_dev_init
 .text._usb_d_dev_enable
                0x00001238       0x58 hpl/usb/hpl_usb.o
                0x00001238                _usb_d_dev_enable
 .text._usb_d_dev_attach
                0x00001290        0xe hpl/usb/hpl_usb.o
                0x00001290                _usb_d_dev_attach
 .text._usb_d_dev_set_address
                0x0000129e        0xc hpl/usb/hpl_usb.o
                0x0000129e                _usb_d_dev_set_address
 *fill*         0x000012aa        0x2 
 .text._usb_d_dev_ep_init
                0x000012ac      0x12c hpl/usb/hpl_usb.o
                0x000012ac                _usb_d_dev_ep_init
 .text._usb_d_dev_ep_deinit
                0x000013d8       0xd0 hpl/usb/hpl_usb.o
                0x000013d8                _usb_d_dev_ep_deinit
 .text._usb_d_dev_ep_enable
                0x000014a8      0x2f0 hpl/usb/hpl_usb.o
                0x000014a8                _usb_d_dev_ep_enable
 .text._usb_d_dev_ep_stall
                0x00001798      0x160 hpl/usb/hpl_usb.o
                0x00001798                _usb_d_dev_ep_stall
 .text._usb_d_dev_ep_read_req
                0x000018f8       0x6c hpl/usb/hpl_usb.o
                0x000018f8                _usb_d_dev_ep_read_req
 .text._usb_d_dev_ep_trans
                0x00001964      0x214 hpl/usb/hpl_usb.o
                0x00001964                _usb_d_dev_ep_trans
 .text._usb_d_dev_register_callback
                0x00001b78       0x24 hpl/usb/hpl_usb.o
                0x00001b78                _usb_d_dev_register_callback
 .text._usb_d_dev_register_ep_callback
                0x00001b9c       0x30 hpl/usb/hpl_usb.o
                0x00001b9c                _usb_d_dev_register_ep_callback
 .text.USB_Handler
                0x00001bcc      0x250 hpl/usb/hpl_usb.o
                0x00001bcc                USB_Handler
 .text.cdcdf_acm_req
                0x00001e1c      0x11c usb/class/cdc/device/cdcdf_acm.o
 .text.cdcdf_acm_ctrl
                0x00001f38      0x17c usb/class/cdc/device/cdcdf_acm.o
 .text.cdcdf_acm_init
                0x000020b4       0x44 usb/class/cdc/device/cdcdf_acm.o
                0x000020b4                cdcdf_acm_init
 .text.cdcdf_acm_read
                0x000020f8       0x2c usb/class/cdc/device/cdcdf_acm.o
                0x000020f8                cdcdf_acm_read
 .text.cdcdf_acm_write
                0x00002124       0x2c usb/class/cdc/device/cdcdf_acm.o
                0x00002124                cdcdf_acm_write
 .text.cdcdf_acm_register_callback
                0x00002150       0x50 usb/class/cdc/device/cdcdf_acm.o
                0x00002150                cdcdf_acm_register_callback
 .text.cdcdf_acm_is_enabled
                0x000021a0        0xc usb/class/cdc/device/cdcdf_acm.o
                0x000021a0                cdcdf_acm_is_enabled
 .text.usbdc_unconfig
                0x000021ac       0x20 usb/device/usbdc.o
 .text.usbdc_change_notify
                0x000021cc       0x28 usb/device/usbdc.o
 .text.usbdc_request_handler
                0x000021f4       0x44 usb/device/usbdc.o
 .text.usbd_sof_cb
                0x00002238       0x20 usb/device/usbdc.o
 .text.usbdc_cb_ctl_done
                0x00002258       0x7c usb/device/usbdc.o
 .text.usbdc_reset
                0x000022d4       0x58 usb/device/usbdc.o
                0x000022d4                usbdc_reset
 .text.usbd_event_cb
                0x0000232c       0x24 usb/device/usbdc.o
 .text.usbdc_xfer
                0x00002350       0x1c usb/device/usbdc.o
                0x00002350                usbdc_xfer
 .text.usbdc_cb_ctl_req
                0x0000236c      0x440 usb/device/usbdc.o
 .text.usbdc_register_handler
                0x000027ac       0x38 usb/device/usbdc.o
                0x000027ac                usbdc_register_handler
 .text.usbdc_init
                0x000027e4       0x60 usb/device/usbdc.o
                0x000027e4                usbdc_init
 .text.usbdc_register_function
                0x00002844       0x18 usb/device/usbdc.o
                0x00002844                usbdc_register_function
 .text.usbdc_start
                0x0000285c       0x38 usb/device/usbdc.o
                0x0000285c                usbdc_start
 .text.usbdc_attach
                0x00002894        0xc usb/device/usbdc.o
                0x00002894                usbdc_attach
 .text.usbdc_get_ctrl_buffer
                0x000028a0        0xc usb/device/usbdc.o
                0x000028a0                usbdc_get_ctrl_buffer
 .text.usbdc_get_state
                0x000028ac       0x10 usb/device/usbdc.o
                0x000028ac                usbdc_get_state
 .text.usb_find_desc
                0x000028bc       0x36 usb/usb_protocol.o
                0x000028bc                usb_find_desc
 .text.usb_find_ep_desc
                0x000028f2       0x44 usb/usb_protocol.o
                0x000028f2                usb_find_ep_desc
 *fill*         0x00002936        0x2 
 .text.usb_find_cfg_desc
                0x00002938       0x68 usb/usb_protocol.o
                0x00002938                usb_find_cfg_desc
 .text.usb_find_str_desc
                0x000029a0       0x3c usb/usb_protocol.o
                0x000029a0                usb_find_str_desc
 .text.main     0x000029dc       0x18 usb_cdc_echo_main.o
                0x000029dc                main
 .text.usb_device_cb_state_c
                0x000029f4       0x40 usb_start.o
 .text.usb_device_cb_bulk_in
                0x00002a34       0x18 usb_start.o
 .text.usb_device_cb_bulk_out
                0x00002a4c       0x18 usb_start.o
 .text.cdc_device_acm_init
                0x00002a64       0x34 usb_start.o
                0x00002a64                cdc_device_acm_init
 .text.cdcd_acm_example
                0x00002a98       0x20 usb_start.o
                0x00002a98                cdcd_acm_example
 .text.usb_init
                0x00002ab8        0xc usb_start.o
                0x00002ab8                usb_init
 .text.__libc_init_array
                0x00002ac4       0x48 c:/program files (x86)/atmel/studio/7.0/toolchain/arm/arm-gnu-toolchain/bin/../lib/gcc/arm-none-eabi/6.3.1/../../../../arm-none-eabi/lib/thumb/v6-m\libc_nano.a(lib_a-init.o)
                0x00002ac4                __libc_init_array
 .text.memcpy   0x00002b0c       0x12 c:/program files (x86)/atmel/studio/7.0/toolchain/arm/arm-gnu-toolchain/bin/../lib/gcc/arm-none-eabi/6.3.1/../../../../arm-none-eabi/lib/thumb/v6-m\libc_nano.a(lib_a-memcpy-stub.o)
                0x00002b0c                memcpy
 .text.memset   0x00002b1e       0x10 c:/program files (x86)/atmel/studio/7.0/toolchain/arm/arm-gnu-toolchain/bin/../lib/gcc/arm-none-eabi/6.3.1/../../../../arm-none-eabi/lib/thumb/v6-m\libc_nano.a(lib_a-memset.o)
                0x00002b1e                memset
 *(.glue_7t)
 .glue_7t       0x00002b2e        0x0 linker stubs
 *(.glue_7)
 .glue_7        0x00002b2e        0x0 linker stubs
 *(.rodata .rodata* .gnu.linkonce.r.*)
 *fill*         0x00002b2e        0x2 
 .rodata.str1.4
                0x00002b30       0x1e hal/utils/src/utils_list.o
 .rodata.cst2   0x00002b4e        0x2 hpl/usb/hpl_usb.o
 .rodata        0x00002b50       0x24 hpl/usb/hpl_usb.o
 .rodata        0x00002b74       0x30 usb/device/usbdc.o
 .rodata.str1.4
                0x00002ba4       0x18 usb/device/usbdc.o
                                 0x16 (size before relaxing)
 *(.ARM.extab* .gnu.linkonce.armextab.*)
                0x00002bbc                . = ALIGN (0x4)
 *(.init)
 .init          0x00002bbc        0x4 c:/program files (x86)/atmel/studio/7.0/toolchain/arm/arm-gnu-toolchain/bin/../lib/gcc/arm-none-eabi/6.3.1/thumb/v6-m/crti.o
                0x00002bbc                _init
 .init          0x00002bc0        0x8 c:/program files (x86)/atmel/studio/7.0/toolchain/arm/arm-gnu-toolchain/bin/../lib/gcc/arm-none-eabi/6.3.1/thumb/v6-m/crtn.o
                0x00002bc8                . = ALIGN (0x4)
                0x00002bc8                __preinit_array_start = .
 *(.preinit_array)
                0x00002bc8                __preinit_array_end = .
                0x00002bc8                . = ALIGN (0x4)
                0x00002bc8                __init_array_start = .
 *(SORT(.init_array.*))
 *(.init_array)
 .init_array    0x00002bc8        0x4 c:/program files (x86)/atmel/studio/7.0/toolchain/arm/arm-gnu-toolchain/bin/../lib/gcc/arm-none-eabi/6.3.1/thumb/v6-m/crtbegin.o
                0x00002bcc                __init_array_end = .
                0x00002bcc                . = ALIGN (0x4)
 *crtbegin.o(.ctors)
 *(EXCLUDE_FILE(*crtend.o) .ctors)
 *(SORT(.ctors.*))
 *crtend.o(.ctors)
                0x00002bcc                . = ALIGN (0x4)
 *(.fini)
 .fini          0x00002bcc        0x4 c:/program files (x86)/atmel/studio/7.0/toolchain/arm/arm-gnu-toolchain/bin/../lib/gcc/arm-none-eabi/6.3.1/thumb/v6-m/crti.o
                0x00002bcc                _fini
 .fini          0x00002bd0        0x8 c:/program files (x86)/atmel/studio/7.0/toolchain/arm/arm-gnu-toolchain/bin/../lib/gcc/arm-none-eabi/6.3.1/thumb/v6-m/crtn.o
                0x00002bd8                . = ALIGN (0x4)
                0x00002bd8                __fini_array_start = .
 *(.fini_array)
 .fini_array    0x00002bd8        0x4 c:/program files (x86)/atmel/studio/7.0/toolchain/arm/arm-gnu-toolchain/bin/../lib/gcc/arm-none-eabi/6.3.1/thumb/v6-m/crtbegin.o
 *(SORT(.fini_array.*))
                0x00002bdc                __fini_array_end = .
 *crtbegin.o(.dtors)
 *(EXCLUDE_FILE(*crtend.o) .dtors)
 *(SORT(.dtors.*))
 *crtend.o(.dtors)
                0x00002bdc                . = ALIGN (0x4)
                0x00002bdc                _efixed = .
                [!provide]                PROVIDE (__exidx_start, .)

.vfp11_veneer   0x00002bdc        0x0
 .vfp11_veneer  0x00002bdc        0x0 linker stubs

.v4_bx          0x00002bdc        0x0
 .v4_bx         0x00002bdc        0x0 linker stubs

.iplt           0x00002bdc        0x0
 .iplt          0x00002bdc        0x0 c:/program files (x86)/atmel/studio/7.0/toolchain/arm/arm-gnu-toolchain/bin/../lib/gcc/arm-none-eabi/6.3.1/thumb/v6-m/crtbegin.o

.eh_frame       0x00002bdc        0x0
 .eh_frame      0x00002bdc        0x0 c:/program files (x86)/atmel/studio/7.0/toolchain/arm/arm-gnu-toolchain/bin/../lib/gcc/arm-none-eabi/6.3.1/thumb/v6-m/crtbegin.o

.rel.dyn        0x00002bdc        0x0
 .rel.iplt      0x00002bdc        0x0 c:/program files (x86)/atmel/studio/7.0/toolchain/arm/arm-gnu-toolchain/bin/../lib/gcc/arm-none-eabi/6.3.1/thumb/v6-m/crtbegin.o

.jcr            0x00002bdc        0x0
 .jcr           0x00002bdc        0x0 c:/program files (x86)/atmel/studio/7.0/toolchain/arm/arm-gnu-toolchain/bin/../lib/gcc/arm-none-eabi/6.3.1/thumb/v6-m/crtbegin.o

.igot.plt       0x00002bdc        0x0
 .igot.plt      0x00002bdc        0x0 c:/program files (x86)/atmel/studio/7.0/toolchain/arm/arm-gnu-toolchain/bin/../lib/gcc/arm-none-eabi/6.3.1/thumb/v6-m/crtbegin.o

.ARM.exidx
 *(.ARM.exidx* .gnu.linkonce.armexidx.*)
                [!provide]                PROVIDE (__exidx_end, .)
                0x00002bdc                . = ALIGN (0x4)
                0x00002bdc                _etext = .

.relocate       0x20000000       0x68 load address 0x00002bdc
                0x20000000                . = ALIGN (0x4)
                0x20000000                _srelocate = .
 *(.ramfunc .ramfunc.*)
 *(.data .data.*)
 .data          0x20000000        0x8 usb/class/cdc/device/cdcdf_acm.o
 .data          0x20000008       0x5d usb_start.o
                0x20000068                . = ALIGN (0x4)
 *fill*         0x20000065        0x3 
                0x20000068                _erelocate = .

.lpram          0x30000000        0x0
                0x30000000                . = ALIGN (0x8)
                0x30000000                _slpram = .
 *(.lpram .lpram.*)
                0x30000000                . = ALIGN (0x8)
                0x30000000                _elpram = .

.bss            0x20000068      0x5d0 load address 0x00002c44
                0x20000068                . = ALIGN (0x4)
                0x20000068                _sbss = .
                0x20000068                _szero = .
 *(.bss .bss.*)
 .bss           0x20000068       0x1c c:/program files (x86)/atmel/studio/7.0/toolchain/arm/arm-gnu-toolchain/bin/../lib/gcc/arm-none-eabi/6.3.1/thumb/v6-m/crtbegin.o
 .bss           0x20000084      0x1a0 hal/src/hal_usb_device.o
 .bss           0x20000224      0x350 hpl/usb/hpl_usb.o
 .bss           0x20000574       0x24 usb/class/cdc/device/cdcdf_acm.o
 .bss           0x20000598       0x20 usb/device/usbdc.o
 .bss           0x200005b8       0x80 usb_start.o
 *(COMMON)
                0x20000638                . = ALIGN (0x4)
                0x20000638                _ebss = .
                0x20000638                _ezero = .

.stack          0x20000638     0x2000 load address 0x00003214
                0x20000638                . = ALIGN (0x8)
                0x20000638                _sstack = .
                0x20002638                . = (. + STACK_SIZE)
 *fill*         0x20000638     0x2000 
                0x20002638                . = ALIGN (0x8)
                0x20002638                _estack = .
                0x20002638                . = ALIGN (0x4)
                0x20002638                _end = .
OUTPUT(USB CDC Echo.elf elf32-littlearm)

.ARM.attributes
                0x00000000       0x28
 .ARM.attributes
                0x00000000       0x1e c:/program files (x86)/atmel/studio/7.0/toolchain/arm/arm-gnu-toolchain/bin/../lib/gcc/arm-none-eabi/6.3.1/thumb/v6-m/crti.o
 .ARM.attributes
                0x0000001e       0x2c c:/program files (x86)/atmel/studio/7.0/toolchain/arm/arm-gnu-toolchain/bin/../lib/gcc/arm-none-eabi/6.3.1/thumb/v6-m/crtbegin.o
 .ARM.attributes
                0x0000004a       0x32 atmel_start.o
 .ARM.attributes
                0x0000007c       0x32 Device_Startup/startup_saml21.o
 .ARM.attributes
                0x000000ae       0x32 driver_init.o
 .ARM.attributes
                0x000000e0       0x32 hal/src/hal_atomic.o
 .ARM.attributes
                0x00000112       0x32 hal/src/hal_usb_device.o
 .ARM.attributes
                0x00000144       0x32 hal/utils/src/utils_assert.o
 .ARM.attributes
                0x00000176       0x32 hal/utils/src/utils_list.o
 .ARM.attributes
                0x000001a8       0x32 hpl/core/hpl_init.o
 .ARM.attributes
                0x000001da       0x32 hpl/gclk/hpl_gclk.o
 .ARM.attributes
                0x0000020c       0x32 hpl/mclk/hpl_mclk.o
 .ARM.attributes
                0x0000023e       0x32 hpl/osc32kctrl/hpl_osc32kctrl.o
 .ARM.attributes
                0x00000270       0x32 hpl/oscctrl/hpl_oscctrl.o
 .ARM.attributes
                0x000002a2       0x32 hpl/pm/hpl_pm.o
 .ARM.attributes
                0x000002d4       0x32 hpl/usb/hpl_usb.o
 .ARM.attributes
                0x00000306       0x32 usb/class/cdc/device/cdcdf_acm.o
 .ARM.attributes
                0x00000338       0x32 usb/device/usbdc.o
 .ARM.attributes
                0x0000036a       0x32 usb/usb_protocol.o
 .ARM.attributes
                0x0000039c       0x32 usb_cdc_echo_main.o
 .ARM.attributes
                0x000003ce       0x32 usb_start.o
 .ARM.attributes
                0x00000400       0x2c c:/program files (x86)/atmel/studio/7.0/toolchain/arm/arm-gnu-toolchain/bin/../lib/gcc/arm-none-eabi/6.3.1/../../../../arm-none-eabi/lib/thumb/v6-m\libc_nano.a(lib_a-init.o)
 .ARM.attributes
                0x0000042c       0x2c c:/program files (x86)/atmel/studio/7.0/toolchain/arm/arm-gnu-toolchain/bin/../lib/gcc/arm-none-eabi/6.3.1/../../../../arm-none-eabi/lib/thumb/v6-m\libc_nano.a(lib_a-memcpy-stub.o)
 .ARM.attributes
                0x00000458       0x2c c:/program files (x86)/atmel/studio/7.0/toolchain/arm/arm-gnu-toolchain/bin/../lib/gcc/arm-none-eabi/6.3.1/../../../../arm-none-eabi/lib/thumb/v6-m\libc_nano.a(lib_a-memset.o)
 .ARM.attributes
                0x00000484       0x1e c:/program files (x86)/atmel/studio/7.0/toolchain/arm/arm-gnu-toolchain/bin/../lib/gcc/arm-none-eabi/6.3.1/thumb/v6-m/crtn.o

.comment        0x00000000       0x59
 .comment       0x00000000       0x59 atmel_start.o
                                 0x5a (size before relaxing)
 .comment       0x00000059       0x5a Device_Startup/startup_saml21.o
 .comment       0x00000059       0x5a driver_init.o
 .comment       0x00000059       0x5a hal/src/hal_atomic.o
 .comment       0x00000059       0x5a hal/src/hal_usb_device.o
 .comment       0x00000059       0x5a hal/utils/src/utils_assert.o
 .comment       0x00000059       0x5a hal/utils/src/utils_list.o
 .comment       0x00000059       0x5a hpl/core/hpl_init.o
 .comment       0x00000059       0x5a hpl/gclk/hpl_gclk.o
 .comment       0x00000059       0x5a hpl/mclk/hpl_mclk.o
 .comment       0x00000059       0x5a hpl/osc32kctrl/hpl_osc32kctrl.o
 .comment       0x00000059       0x5a hpl/oscctrl/hpl_oscctrl.o
 .comment       0x00000059       0x5a hpl/pm/hpl_pm.o
 .comment       0x00000059       0x5a hpl/usb/hpl_usb.o
 .comment       0x00000059       0x5a usb/class/cdc/device/cdcdf_acm.o
 .comment       0x00000059       0x5a usb/device/usbdc.o
 .comment       0x00000059       0x5a usb/usb_protocol.o
 .comment       0x00000059       0x5a usb_cdc_echo_main.o
 .comment       0x00000059       0x5a usb_start.o

.debug_info     0x00000000    0x179a8
 .debug_info    0x00000000      0x9ee atmel_start.o
 .debug_info    0x000009ee      0xa27 Device_Startup/startup_saml21.o
 .debug_info    0x00001415     0x20b4 driver_init.o
 .debug_info    0x000034c9      0x1d1 hal/src/hal_atomic.o
 .debug_info    0x0000369a     0x1e08 hal/src/hal_usb_device.o
 .debug_info    0x000054a2      0x107 hal/utils/src/utils_assert.o
 .debug_info    0x000055a9      0x310 hal/utils/src/utils_list.o
 .debug_info    0x000058b9      0x6d4 hpl/core/hpl_init.o
 .debug_info    0x00005f8d      0x626 hpl/gclk/hpl_gclk.o
 .debug_info    0x000065b3      0xa0e hpl/mclk/hpl_mclk.o
 .debug_info    0x00006fc1      0x620 hpl/osc32kctrl/hpl_osc32kctrl.o
 .debug_info    0x000075e1     0x14b0 hpl/oscctrl/hpl_oscctrl.o
 .debug_info    0x00008a91      0xabc hpl/pm/hpl_pm.o
 .debug_info    0x0000954d     0x8131 hpl/usb/hpl_usb.o
 .debug_info    0x0001167e     0x179f usb/class/cdc/device/cdcdf_acm.o
 .debug_info    0x00012e1d     0x247a usb/device/usbdc.o
 .debug_info    0x00015297      0xea8 usb/usb_protocol.o
 .debug_info    0x0001613f      0x9f2 usb_cdc_echo_main.o
 .debug_info    0x00016b31      0xe77 usb_start.o

.debug_abbrev   0x00000000     0x2efe
 .debug_abbrev  0x00000000      0x1ad atmel_start.o
 .debug_abbrev  0x000001ad      0x1e4 Device_Startup/startup_saml21.o
 .debug_abbrev  0x00000391      0x2c7 driver_init.o
 .debug_abbrev  0x00000658      0x144 hal/src/hal_atomic.o
 .debug_abbrev  0x0000079c      0x485 hal/src/hal_usb_device.o
 .debug_abbrev  0x00000c21       0x86 hal/utils/src/utils_assert.o
 .debug_abbrev  0x00000ca7      0x159 hal/utils/src/utils_list.o
 .debug_abbrev  0x00000e00      0x1d9 hpl/core/hpl_init.o
 .debug_abbrev  0x00000fd9      0x1ab hpl/gclk/hpl_gclk.o
 .debug_abbrev  0x00001184      0x1b7 hpl/mclk/hpl_mclk.o
 .debug_abbrev  0x0000133b      0x1a2 hpl/osc32kctrl/hpl_osc32kctrl.o
 .debug_abbrev  0x000014dd      0x2d2 hpl/oscctrl/hpl_oscctrl.o
 .debug_abbrev  0x000017af      0x24c hpl/pm/hpl_pm.o
 .debug_abbrev  0x000019fb      0x5d9 hpl/usb/hpl_usb.o
 .debug_abbrev  0x00001fd4      0x422 usb/class/cdc/device/cdcdf_acm.o
 .debug_abbrev  0x000023f6      0x420 usb/device/usbdc.o
 .debug_abbrev  0x00002816      0x2b8 usb/usb_protocol.o
 .debug_abbrev  0x00002ace      0x1af usb_cdc_echo_main.o
 .debug_abbrev  0x00002c7d      0x281 usb_start.o

.debug_loc      0x00000000     0x8f2c
 .debug_loc     0x00000000       0x20 atmel_start.o
 .debug_loc     0x00000020       0x40 Device_Startup/startup_saml21.o
 .debug_loc     0x00000060      0x62b driver_init.o
 .debug_loc     0x0000068b       0x13 hal/src/hal_atomic.o
 .debug_loc     0x0000069e     0x138a hal/src/hal_usb_device.o
 .debug_loc     0x00001a28      0x271 hal/utils/src/utils_list.o
 .debug_loc     0x00001c99       0x4c hpl/core/hpl_init.o
 .debug_loc     0x00001ce5      0x156 hpl/gclk/hpl_gclk.o
 .debug_loc     0x00001e3b       0x84 hpl/mclk/hpl_mclk.o
 .debug_loc     0x00001ebf       0x94 hpl/osc32kctrl/hpl_osc32kctrl.o
 .debug_loc     0x00001f53      0x1ab hpl/oscctrl/hpl_oscctrl.o
 .debug_loc     0x000020fe      0x188 hpl/pm/hpl_pm.o
 .debug_loc     0x00002286     0x46b7 hpl/usb/hpl_usb.o
 .debug_loc     0x0000693d      0x982 usb/class/cdc/device/cdcdf_acm.o
 .debug_loc     0x000072bf     0x156c usb/device/usbdc.o
 .debug_loc     0x0000882b      0x54f usb/usb_protocol.o
 .debug_loc     0x00008d7a       0x20 usb_cdc_echo_main.o
 .debug_loc     0x00008d9a      0x192 usb_start.o

.debug_aranges  0x00000000      0x620
 .debug_aranges
                0x00000000       0x20 atmel_start.o
 .debug_aranges
                0x00000020       0x28 Device_Startup/startup_saml21.o
 .debug_aranges
                0x00000048       0x38 driver_init.o
 .debug_aranges
                0x00000080       0x30 hal/src/hal_atomic.o
 .debug_aranges
                0x000000b0      0x100 hal/src/hal_usb_device.o
 .debug_aranges
                0x000001b0       0x20 hal/utils/src/utils_assert.o
 .debug_aranges
                0x000001d0       0x48 hal/utils/src/utils_list.o
 .debug_aranges
                0x00000218       0x20 hpl/core/hpl_init.o
 .debug_aranges
                0x00000238       0x28 hpl/gclk/hpl_gclk.o
 .debug_aranges
                0x00000260       0x20 hpl/mclk/hpl_mclk.o
 .debug_aranges
                0x00000280       0x20 hpl/osc32kctrl/hpl_osc32kctrl.o
 .debug_aranges
                0x000002a0       0x28 hpl/oscctrl/hpl_oscctrl.o
 .debug_aranges
                0x000002c8       0x30 hpl/pm/hpl_pm.o
 .debug_aranges
                0x000002f8      0x128 hpl/usb/hpl_usb.o
 .debug_aranges
                0x00000420       0x70 usb/class/cdc/device/cdcdf_acm.o
 .debug_aranges
                0x00000490       0xe0 usb/device/usbdc.o
 .debug_aranges
                0x00000570       0x48 usb/usb_protocol.o
 .debug_aranges
                0x000005b8       0x20 usb_cdc_echo_main.o
 .debug_aranges
                0x000005d8       0x48 usb_start.o

.debug_ranges   0x00000000      0xa68
 .debug_ranges  0x00000000       0x10 atmel_start.o
 .debug_ranges  0x00000010       0x18 Device_Startup/startup_saml21.o
 .debug_ranges  0x00000028       0x28 driver_init.o
 .debug_ranges  0x00000050       0x20 hal/src/hal_atomic.o
 .debug_ranges  0x00000070      0x148 hal/src/hal_usb_device.o
 .debug_ranges  0x000001b8       0x10 hal/utils/src/utils_assert.o
 .debug_ranges  0x000001c8       0x58 hal/utils/src/utils_list.o
 .debug_ranges  0x00000220       0x10 hpl/core/hpl_init.o
 .debug_ranges  0x00000230       0x18 hpl/gclk/hpl_gclk.o
 .debug_ranges  0x00000248       0x10 hpl/mclk/hpl_mclk.o
 .debug_ranges  0x00000258       0x10 hpl/osc32kctrl/hpl_osc32kctrl.o
 .debug_ranges  0x00000268       0x78 hpl/oscctrl/hpl_oscctrl.o
 .debug_ranges  0x000002e0       0x20 hpl/pm/hpl_pm.o
 .debug_ranges  0x00000300      0x418 hpl/usb/hpl_usb.o
 .debug_ranges  0x00000718       0xa8 usb/class/cdc/device/cdcdf_acm.o
 .debug_ranges  0x000007c0      0x1c8 usb/device/usbdc.o
 .debug_ranges  0x00000988       0x98 usb/usb_protocol.o
 .debug_ranges  0x00000a20       0x10 usb_cdc_echo_main.o
 .debug_ranges  0x00000a30       0x38 usb_start.o

.debug_macro    0x00000000    0x1c449
 .debug_macro   0x00000000      0x6ee atmel_start.o
 .debug_macro   0x000006ee      0x89e atmel_start.o
 .debug_macro   0x00000f8c      0x16d atmel_start.o
 .debug_macro   0x000010f9       0x22 atmel_start.o
 .debug_macro   0x0000111b       0x87 atmel_start.o
 .debug_macro   0x000011a2       0x51 atmel_start.o
 .debug_macro   0x000011f3       0xef atmel_start.o
 .debug_macro   0x000012e2       0x6a atmel_start.o
 .debug_macro   0x0000134c      0x1df atmel_start.o
 .debug_macro   0x0000152b       0x22 atmel_start.o
 .debug_macro   0x0000154d       0x3f atmel_start.o
 .debug_macro   0x0000158c       0x1c atmel_start.o
 .debug_macro   0x000015a8       0x22 atmel_start.o
 .debug_macro   0x000015ca       0xb5 atmel_start.o
 .debug_macro   0x0000167f      0x3ad atmel_start.o
 .debug_macro   0x00001a2c      0x714 atmel_start.o
 .debug_macro   0x00002140      0x8f0 atmel_start.o
 .debug_macro   0x00002a30      0x279 atmel_start.o
 .debug_macro   0x00002ca9      0x21e atmel_start.o
 .debug_macro   0x00002ec7      0x4c3 atmel_start.o
 .debug_macro   0x0000338a      0xe12 atmel_start.o
 .debug_macro   0x0000419c      0x5e7 atmel_start.o
 .debug_macro   0x00004783      0x5be atmel_start.o
 .debug_macro   0x00004d41      0x824 atmel_start.o
 .debug_macro   0x00005565      0x314 atmel_start.o
 .debug_macro   0x00005879      0x5c6 atmel_start.o
 .debug_macro   0x00005e3f      0x21c atmel_start.o
 .debug_macro   0x0000605b      0x729 atmel_start.o
 .debug_macro   0x00006784      0x16f atmel_start.o
 .debug_macro   0x000068f3      0x70f atmel_start.o
 .debug_macro   0x00007002      0x28c atmel_start.o
 .debug_macro   0x0000728e      0x6e1 atmel_start.o
 .debug_macro   0x0000796f      0x2c5 atmel_start.o
 .debug_macro   0x00007c34      0x3c1 atmel_start.o
 .debug_macro   0x00007ff5      0x1a0 atmel_start.o
 .debug_macro   0x00008195     0x1260 atmel_start.o
 .debug_macro   0x000093f5      0xf4d atmel_start.o
 .debug_macro   0x0000a342      0x866 atmel_start.o
 .debug_macro   0x0000aba8      0x8ae atmel_start.o
 .debug_macro   0x0000b456     0x19be atmel_start.o
 .debug_macro   0x0000ce14       0xe7 atmel_start.o
 .debug_macro   0x0000cefb     0x13e6 atmel_start.o
 .debug_macro   0x0000e2e1      0x36a atmel_start.o
 .debug_macro   0x0000e64b       0x7c atmel_start.o
 .debug_macro   0x0000e6c7       0xac atmel_start.o
 .debug_macro   0x0000e773       0xca atmel_start.o
 .debug_macro   0x0000e83d       0x4c atmel_start.o
 .debug_macro   0x0000e889       0x94 atmel_start.o
 .debug_macro   0x0000e91d       0xdc atmel_start.o
 .debug_macro   0x0000e9f9       0xb2 atmel_start.o
 .debug_macro   0x0000eaab       0x64 atmel_start.o
 .debug_macro   0x0000eb0f      0x5a4 atmel_start.o
 .debug_macro   0x0000f0b3      0x19d atmel_start.o
 .debug_macro   0x0000f250       0x70 atmel_start.o
 .debug_macro   0x0000f2c0       0xa0 atmel_start.o
 .debug_macro   0x0000f360       0xc4 atmel_start.o
 .debug_macro   0x0000f424       0x28 atmel_start.o
 .debug_macro   0x0000f44c       0xa0 atmel_start.o
 .debug_macro   0x0000f4ec       0x40 atmel_start.o
 .debug_macro   0x0000f52c       0x7c atmel_start.o
 .debug_macro   0x0000f5a8       0x40 atmel_start.o
 .debug_macro   0x0000f5e8      0x16c atmel_start.o
 .debug_macro   0x0000f754       0x10 atmel_start.o
 .debug_macro   0x0000f764       0x34 atmel_start.o
 .debug_macro   0x0000f798       0xee atmel_start.o
 .debug_macro   0x0000f886      0x12b atmel_start.o
 .debug_macro   0x0000f9b1      0x12b atmel_start.o
 .debug_macro   0x0000fadc      0x12b atmel_start.o
 .debug_macro   0x0000fc07      0x12b atmel_start.o
 .debug_macro   0x0000fd32      0x12b atmel_start.o
 .debug_macro   0x0000fe5d      0x12b atmel_start.o
 .debug_macro   0x0000ff88       0x5e atmel_start.o
 .debug_macro   0x0000ffe6       0xfa atmel_start.o
 .debug_macro   0x000100e0       0xfa atmel_start.o
 .debug_macro   0x000101da       0xfa atmel_start.o
 .debug_macro   0x000102d4       0xfa atmel_start.o
 .debug_macro   0x000103ce       0xfa atmel_start.o
 .debug_macro   0x000104c8      0x124 atmel_start.o
 .debug_macro   0x000105ec       0xfa atmel_start.o
 .debug_macro   0x000106e6       0xee atmel_start.o
 .debug_macro   0x000107d4       0x2e atmel_start.o
 .debug_macro   0x00010802      0x40f atmel_start.o
 .debug_macro   0x00010c11       0x3a atmel_start.o
 .debug_macro   0x00010c4b      0x42c atmel_start.o
 .debug_macro   0x00011077     0x23fb atmel_start.o
 .debug_macro   0x00013472       0x90 atmel_start.o
 .debug_macro   0x00013502       0x10 atmel_start.o
 .debug_macro   0x00013512       0x10 atmel_start.o
 .debug_macro   0x00013522       0x16 atmel_start.o
 .debug_macro   0x00013538       0x16 atmel_start.o
 .debug_macro   0x0001354e       0x16 atmel_start.o
 .debug_macro   0x00013564       0x16 atmel_start.o
 .debug_macro   0x0001357a       0x16 atmel_start.o
 .debug_macro   0x00013590       0x16 atmel_start.o
 .debug_macro   0x000135a6       0x16 atmel_start.o
 .debug_macro   0x000135bc       0x16 atmel_start.o
 .debug_macro   0x000135d2       0x16 atmel_start.o
 .debug_macro   0x000135e8       0x16 atmel_start.o
 .debug_macro   0x000135fe       0x16 atmel_start.o
 .debug_macro   0x00013614       0x16 atmel_start.o
 .debug_macro   0x0001362a       0x16 atmel_start.o
 .debug_macro   0x00013640       0x16 atmel_start.o
 .debug_macro   0x00013656       0x16 atmel_start.o
 .debug_macro   0x0001366c       0x16 atmel_start.o
 .debug_macro   0x00013682       0x16 atmel_start.o
 .debug_macro   0x00013698       0x16 atmel_start.o
 .debug_macro   0x000136ae       0x16 atmel_start.o
 .debug_macro   0x000136c4      0x2e0 atmel_start.o
 .debug_macro   0x000139a4       0x94 atmel_start.o
 .debug_macro   0x00013a38       0x16 atmel_start.o
 .debug_macro   0x00013a4e       0xbe atmel_start.o
 .debug_macro   0x00013b0c      0x28c atmel_start.o
 .debug_macro   0x00013d98       0x16 atmel_start.o
 .debug_macro   0x00013dae      0x4d8 atmel_start.o
 .debug_macro   0x00014286       0x16 atmel_start.o
 .debug_macro   0x0001429c       0xca atmel_start.o
 .debug_macro   0x00014366       0x1c atmel_start.o
 .debug_macro   0x00014382       0x16 atmel_start.o
 .debug_macro   0x00014398       0xcf atmel_start.o
 .debug_macro   0x00014467       0x4c atmel_start.o
 .debug_macro   0x000144b3       0xc9 atmel_start.o
 .debug_macro   0x0001457c       0xcb atmel_start.o
 .debug_macro   0x00014647       0xee atmel_start.o
 .debug_macro   0x00014735       0x58 atmel_start.o
 .debug_macro   0x0001478d       0x35 atmel_start.o
 .debug_macro   0x000147c2       0x9c atmel_start.o
 .debug_macro   0x0001485e       0x58 atmel_start.o
 .debug_macro   0x000148b6       0x1f atmel_start.o
 .debug_macro   0x000148d5       0x43 atmel_start.o
 .debug_macro   0x00014918       0x20 atmel_start.o
 .debug_macro   0x00014938      0x187 atmel_start.o
 .debug_macro   0x00014abf      0x34d atmel_start.o
 .debug_macro   0x00014e0c       0x10 atmel_start.o
 .debug_macro   0x00014e1c       0x35 atmel_start.o
 .debug_macro   0x00014e51       0x76 atmel_start.o
 .debug_macro   0x00014ec7      0x11b atmel_start.o
 .debug_macro   0x00014fe2      0x12b atmel_start.o
 .debug_macro   0x0001510d      0x256 atmel_start.o
 .debug_macro   0x00015363       0x4c atmel_start.o
 .debug_macro   0x000153af      0x374 Device_Startup/startup_saml21.o
 .debug_macro   0x00015723       0x39 Device_Startup/startup_saml21.o
 .debug_macro   0x0001575c      0x5be driver_init.o
 .debug_macro   0x00015d1a       0x1c driver_init.o
 .debug_macro   0x00015d36      0x4d8 hal/src/hal_atomic.o
 .debug_macro   0x0001620e      0x5ce hal/src/hal_usb_device.o
 .debug_macro   0x000167dc      0x4e1 hal/utils/src/utils_assert.o
 .debug_macro   0x00016cbd       0x10 hal/utils/src/utils_assert.o
 .debug_macro   0x00016ccd      0x4e5 hal/utils/src/utils_list.o
 .debug_macro   0x000171b2      0x558 hpl/core/hpl_init.o
 .debug_macro   0x0001770a       0x28 hpl/core/hpl_init.o
 .debug_macro   0x00017732      0x772 hpl/core/hpl_init.o
 .debug_macro   0x00017ea4      0x4ee hpl/gclk/hpl_gclk.o
 .debug_macro   0x00018392      0x1f4 hpl/gclk/hpl_gclk.o
 .debug_macro   0x00018586      0x4ea hpl/mclk/hpl_mclk.o
 .debug_macro   0x00018a70      0x4e5 hpl/osc32kctrl/hpl_osc32kctrl.o
 .debug_macro   0x00018f55       0xa4 hpl/osc32kctrl/hpl_osc32kctrl.o
 .debug_macro   0x00018ff9      0x4f1 hpl/oscctrl/hpl_oscctrl.o
 .debug_macro   0x000194ea      0x18c hpl/oscctrl/hpl_oscctrl.o
 .debug_macro   0x00019676      0x4f0 hpl/pm/hpl_pm.o
 .debug_macro   0x00019b66      0x759 hpl/usb/hpl_usb.o
 .debug_macro   0x0001a2bf      0x636 usb/class/cdc/device/cdcdf_acm.o
 .debug_macro   0x0001a8f5       0xaf usb/class/cdc/device/cdcdf_acm.o
 .debug_macro   0x0001a9a4       0xd1 usb/class/cdc/device/cdcdf_acm.o
 .debug_macro   0x0001aa75      0x615 usb/device/usbdc.o
 .debug_macro   0x0001b08a      0x5de usb/usb_protocol.o
 .debug_macro   0x0001b668      0x6ee usb_cdc_echo_main.o
 .debug_macro   0x0001bd56      0x6f3 usb_start.o

.debug_line     0x00000000     0xe6a4
 .debug_line    0x00000000      0xcdc atmel_start.o
 .debug_line    0x00000cdc      0x76a Device_Startup/startup_saml21.o
 .debug_line    0x00001446      0xc25 driver_init.o
 .debug_line    0x0000206b      0xa5c hal/src/hal_atomic.o
 .debug_line    0x00002ac7      0xe16 hal/src/hal_usb_device.o
 .debug_line    0x000038dd      0xa26 hal/utils/src/utils_assert.o
 .debug_line    0x00004303      0xaba hal/utils/src/utils_list.o
 .debug_line    0x00004dbd      0xb06 hpl/core/hpl_init.o
 .debug_line    0x000058c3      0xa90 hpl/gclk/hpl_gclk.o
 .debug_line    0x00006353      0xa56 hpl/mclk/hpl_mclk.o
 .debug_line    0x00006da9      0xa63 hpl/osc32kctrl/hpl_osc32kctrl.o
 .debug_line    0x0000780c      0xb5b hpl/oscctrl/hpl_oscctrl.o
 .debug_line    0x00008367      0xa95 hpl/pm/hpl_pm.o
 .debug_line    0x00008dfc     0x160b hpl/usb/hpl_usb.o
 .debug_line    0x0000a407      0xd54 usb/class/cdc/device/cdcdf_acm.o
 .debug_line    0x0000b15b      0xedb usb/device/usbdc.o
 .debug_line    0x0000c036      0xc5d usb/usb_protocol.o
 .debug_line    0x0000cc93      0xcd8 usb_cdc_echo_main.o
 .debug_line    0x0000d96b      0xd39 usb_start.o

.debug_str      0x00000000    0x91a96
 .debug_str     0x00000000    0x89ee1 atmel_start.o
                              0x8a433 (size before relaxing)
 .debug_str     0x00089ee1      0x51a Device_Startup/startup_saml21.o
                              0x7b7b2 (size before relaxing)
 .debug_str     0x0008a3fb      0x96c driver_init.o
                              0x852dd (size before relaxing)
 .debug_str     0x0008ad67       0xbe hal/src/hal_atomic.o
                              0x83144 (size before relaxing)
 .debug_str     0x0008ae25      0x884 hal/src/hal_usb_device.o
                              0x8734c (size before relaxing)
 .debug_str     0x0008b6a9       0x31 hal/utils/src/utils_assert.o
                              0x83154 (size before relaxing)
 .debug_str     0x0008b6da       0x9c hal/utils/src/utils_list.o
                              0x831fe (size before relaxing)
 .debug_str     0x0008b776     0x19b7 hpl/core/hpl_init.o
                              0x855da (size before relaxing)
 .debug_str     0x0008d12d      0x82d hpl/gclk/hpl_gclk.o
                              0x83a9b (size before relaxing)
 .debug_str     0x0008d95a       0xa5 hpl/mclk/hpl_mclk.o
                              0x835a1 (size before relaxing)
 .debug_str     0x0008d9ff      0x482 hpl/osc32kctrl/hpl_osc32kctrl.o
                              0x835ab (size before relaxing)
 .debug_str     0x0008de81      0xa65 hpl/oscctrl/hpl_oscctrl.o
                              0x83cf0 (size before relaxing)
 .debug_str     0x0008e8e6      0x367 hpl/pm/hpl_pm.o
                              0x8350c (size before relaxing)
 .debug_str     0x0008ec4d     0x1f34 hpl/usb/hpl_usb.o
                              0x8935c (size before relaxing)
 .debug_str     0x00090b81      0x792 usb/class/cdc/device/cdcdf_acm.o
                              0x89742 (size before relaxing)
 .debug_str     0x00091313      0x546 usb/device/usbdc.o
                              0x88dab (size before relaxing)
 .debug_str     0x00091859       0xe4 usb/usb_protocol.o
                              0x87358 (size before relaxing)
 .debug_str     0x0009193d       0x2a usb_cdc_echo_main.o
                              0x8a43a (size before relaxing)
 .debug_str     0x00091967      0x12f usb_start.o
                              0x8a74c (size before relaxing)

.debug_frame    0x00000000      0xed8
 .debug_frame   0x00000000       0x28 atmel_start.o
 .debug_frame   0x00000028       0x38 Device_Startup/startup_saml21.o
 .debug_frame   0x00000060       0x74 driver_init.o
 .debug_frame   0x000000d4       0x40 hal/src/hal_atomic.o
 .debug_frame   0x00000114      0x314 hal/src/hal_usb_device.o
 .debug_frame   0x00000428       0x20 hal/utils/src/utils_assert.o
 .debug_frame   0x00000448       0x88 hal/utils/src/utils_list.o
 .debug_frame   0x000004d0       0x28 hpl/core/hpl_init.o
 .debug_frame   0x000004f8       0x30 hpl/gclk/hpl_gclk.o
 .debug_frame   0x00000528       0x20 hpl/mclk/hpl_mclk.o
 .debug_frame   0x00000548       0x20 hpl/osc32kctrl/hpl_osc32kctrl.o
 .debug_frame   0x00000568       0x38 hpl/oscctrl/hpl_oscctrl.o
 .debug_frame   0x000005a0       0x40 hpl/pm/hpl_pm.o
 .debug_frame   0x000005e0      0x378 hpl/usb/hpl_usb.o
 .debug_frame   0x00000958      0x124 usb/class/cdc/device/cdcdf_acm.o
 .debug_frame   0x00000a7c      0x274 usb/device/usbdc.o
 .debug_frame   0x00000cf0       0xa8 usb/usb_protocol.o
 .debug_frame   0x00000d98       0x28 usb_cdc_echo_main.o
 .debug_frame   0x00000dc0       0xa4 usb_start.o
 .debug_frame   0x00000e64       0x2c c:/program files (x86)/atmel/studio/7.0/toolchain/arm/arm-gnu-toolchain/bin/../lib/gcc/arm-none-eabi/6.3.1/../../../../arm-none-eabi/lib/thumb/v6-m\libc_nano.a(lib_a-init.o)
 .debug_frame   0x00000e90       0x28 c:/program files (x86)/atmel/studio/7.0/toolchain/arm/arm-gnu-toolchain/bin/../lib/gcc/arm-none-eabi/6.3.1/../../../../arm-none-eabi/lib/thumb/v6-m\libc_nano.a(lib_a-memcpy-stub.o)
 .debug_frame   0x00000eb8       0x20 c:/program files (x86)/atmel/studio/7.0/toolchain/arm/arm-gnu-toolchain/bin/../lib/gcc/arm-none-eabi/6.3.1/../../../../arm-none-eabi/lib/thumb/v6-m\libc_nano.a(lib_a-memset.o)
